Component: ARM Compiler 5.06 update 7 (build 960) Tool: armlink [4d3601]

==============================================================================

Section Cross References

    main.o(i.main) refers to system.o(i.systemInit) for systemInit
    main.o(i.main) refers to tasks.o(i.xTaskCreate) for xTaskCreate
    main.o(i.main) refers to tasks.o(i.vTaskStartScheduler) for vTaskStartScheduler
    main.o(i.main) refers to main.o(.data) for .data
    main.o(i.main) refers to main.o(i.start_task) for start_task
    main.o(i.start_task) refers to port.o(i.vPortEnterCritical) for vPortEnterCritical
    main.o(i.start_task) refers to tasks.o(i.xTaskCreate) for xTaskCreate
    main.o(i.start_task) refers to tasks.o(i.vTaskDelete) for vTaskDelete
    main.o(i.start_task) refers to port.o(i.vPortExitCritical) for vPortExitCritical
    main.o(i.start_task) refers to balance.o(i.Balance_task) for Balance_task
    main.o(i.start_task) refers to mpu6050.o(i.MPU6050_task) for MPU6050_task
    main.o(i.start_task) refers to usartx.o(i.data_task) for data_task
    main.o(i.start_task) refers to main.o(.data) for .data
    system_stm32f4xx.o(i.SystemCoreClockUpdate) refers to system_stm32f4xx.o(.data) for .data
    system_stm32f4xx.o(i.SystemInit) refers to system_stm32f4xx.o(i.SetSysClock) for SetSysClock
    adc.o(i.Adc_Init) refers to stm32f4xx_rcc.o(i.RCC_AHB1PeriphClockCmd) for RCC_AHB1PeriphClockCmd
    adc.o(i.Adc_Init) refers to stm32f4xx_rcc.o(i.RCC_APB2PeriphClockCmd) for RCC_APB2PeriphClockCmd
    adc.o(i.Adc_Init) refers to stm32f4xx_gpio.o(i.GPIO_Init) for GPIO_Init
    adc.o(i.Adc_Init) refers to stm32f4xx_rcc.o(i.RCC_APB2PeriphResetCmd) for RCC_APB2PeriphResetCmd
    adc.o(i.Adc_Init) refers to stm32f4xx_adc.o(i.ADC_CommonInit) for ADC_CommonInit
    adc.o(i.Adc_Init) refers to stm32f4xx_adc.o(i.ADC_Init) for ADC_Init
    adc.o(i.Adc_Init) refers to stm32f4xx_adc.o(i.ADC_Cmd) for ADC_Cmd
    adc.o(i.Adc_POWER_Init) refers to stm32f4xx_rcc.o(i.RCC_AHB1PeriphClockCmd) for RCC_AHB1PeriphClockCmd
    adc.o(i.Adc_POWER_Init) refers to stm32f4xx_rcc.o(i.RCC_APB2PeriphClockCmd) for RCC_APB2PeriphClockCmd
    adc.o(i.Adc_POWER_Init) refers to stm32f4xx_gpio.o(i.GPIO_Init) for GPIO_Init
    adc.o(i.Adc_POWER_Init) refers to stm32f4xx_rcc.o(i.RCC_APB2PeriphResetCmd) for RCC_APB2PeriphResetCmd
    adc.o(i.Adc_POWER_Init) refers to stm32f4xx_adc.o(i.ADC_CommonInit) for ADC_CommonInit
    adc.o(i.Adc_POWER_Init) refers to stm32f4xx_adc.o(i.ADC_Init) for ADC_Init
    adc.o(i.Adc_POWER_Init) refers to stm32f4xx_adc.o(i.ADC_Cmd) for ADC_Cmd
    adc.o(i.Get_Adc) refers to stm32f4xx_adc.o(i.ADC_RegularChannelConfig) for ADC_RegularChannelConfig
    adc.o(i.Get_Adc) refers to stm32f4xx_adc.o(i.ADC_SoftwareStartConv) for ADC_SoftwareStartConv
    adc.o(i.Get_Adc) refers to stm32f4xx_adc.o(i.ADC_GetFlagStatus) for ADC_GetFlagStatus
    adc.o(i.Get_Adc) refers to stm32f4xx_adc.o(i.ADC_GetConversionValue) for ADC_GetConversionValue
    adc.o(i.Get_Adc2) refers to stm32f4xx_adc.o(i.ADC_RegularChannelConfig) for ADC_RegularChannelConfig
    adc.o(i.Get_Adc2) refers to stm32f4xx_adc.o(i.ADC_SoftwareStartConv) for ADC_SoftwareStartConv
    adc.o(i.Get_Adc2) refers to stm32f4xx_adc.o(i.ADC_GetFlagStatus) for ADC_GetFlagStatus
    adc.o(i.Get_Adc2) refers to stm32f4xx_adc.o(i.ADC_GetConversionValue) for ADC_GetConversionValue
    adc.o(i.Get_adc_Average) refers to adc.o(i.Get_Adc) for Get_Adc
    adc.o(i.Get_adc_Average) refers to delay.o(i.delay_ms) for delay_ms
    adc.o(i.Get_battery_volt) refers to adc.o(i.Get_Adc2) for Get_Adc2
    adc.o(i.Get_battery_volt) refers to dflt_clz.o(x$fpl$dfltu) for __aeabi_ui2d
    adc.o(i.Get_battery_volt) refers to dmul.o(x$fpl$dmul) for __aeabi_dmul
    adc.o(i.Get_battery_volt) refers to d2f.o(x$fpl$d2f) for __aeabi_d2f
    can.o(i.CAN1_Mode_Init) refers to stm32f4xx_rcc.o(i.RCC_AHB1PeriphClockCmd) for RCC_AHB1PeriphClockCmd
    can.o(i.CAN1_Mode_Init) refers to stm32f4xx_rcc.o(i.RCC_APB1PeriphClockCmd) for RCC_APB1PeriphClockCmd
    can.o(i.CAN1_Mode_Init) refers to stm32f4xx_gpio.o(i.GPIO_Init) for GPIO_Init
    can.o(i.CAN1_Mode_Init) refers to stm32f4xx_gpio.o(i.GPIO_PinAFConfig) for GPIO_PinAFConfig
    can.o(i.CAN1_Mode_Init) refers to misc.o(i.NVIC_Init) for NVIC_Init
    can.o(i.CAN1_Mode_Init) refers to stm32f4xx_can.o(i.CAN_ITConfig) for CAN_ITConfig
    can.o(i.CAN1_RX0_IRQHandler) refers to can.o(i.CAN1_Rx_Msg) for CAN1_Rx_Msg
    can.o(i.CAN1_RX0_IRQHandler) refers to system.o(.data) for CAN_ON_Flag
    can.o(i.CAN1_RX0_IRQHandler) refers to system.o(.data) for PS2_ON_Flag
    can.o(i.CAN1_RX0_IRQHandler) refers to system.o(.data) for Remote_ON_Flag
    can.o(i.CAN1_RX0_IRQHandler) refers to system.o(.data) for APP_ON_Flag
    can.o(i.CAN1_RX0_IRQHandler) refers to system.o(.data) for Usart1_ON_Flag
    can.o(i.CAN1_RX0_IRQHandler) refers to system.o(.data) for Usart5_ON_Flag
    can.o(i.CAN1_RX0_IRQHandler) refers to balance.o(.data) for command_lost_count
[...]
    __rt_lib_shutdown_stdio_1                0x08000257   Thumb Code     0  libshutdown2.o(.ARM.Collect$$libshutdown$$00000006)
    __rt_lib_shutdown_user_alloc_1           0x08000257   Thumb Code     0  libshutdown2.o(.ARM.Collect$$libshutdown$$0000000E)
    __rt_entry                               0x08000259   Thumb Code     0  __rtentry.o(.ARM.Collect$$rtentry$$00000000)
    __rt_entry_presh_1                       0x08000259   Thumb Code     0  __rtentry2.o(.ARM.Collect$$rtentry$$00000002)
    __rt_entry_sh                            0x08000259   Thumb Code     0  __rtentry4.o(.ARM.Collect$$rtentry$$00000004)
    __rt_entry_li                            0x0800025f   Thumb Code     0  __rtentry2.o(.ARM.Collect$$rtentry$$0000000A)
    __rt_entry_postsh_1                      0x0800025f   Thumb Code     0  __rtentry2.o(.ARM.Collect$$rtentry$$00000009)
    __rt_entry_main                          0x08000263   Thumb Code     0  __rtentry2.o(.ARM.Collect$$rtentry$$0000000D)
    __rt_entry_postli_1                      0x08000263   Thumb Code     0  __rtentry2.o(.ARM.Collect$$rtentry$$0000000C)
    __rt_exit                                0x0800026b   Thumb Code     0  rtexit.o(.ARM.Collect$$rtexit$$00000000)
    __rt_exit_ls                             0x0800026d   Thumb Code     0  rtexit2.o(.ARM.Collect$$rtexit$$00000003)
    __rt_exit_prels_1                        0x0800026d   Thumb Code     0  rtexit2.o(.ARM.Collect$$rtexit$$00000002)
    __rt_exit_exit                           0x08000271   Thumb Code     0  rtexit2.o(.ARM.Collect$$rtexit$$00000004)
    SVC_Handler                              0x08000279   Thumb Code    28  port.o(.emb_text)
    __asm___6_port_c_39a90d8d__prvStartFirstTask 0x08000299   Thumb Code    28  port.o(.emb_text)
    __asm___6_port_c_39a90d8d__prvEnableVFP  0x080002b9   Thumb Code    16  port.o(.emb_text)
    PendSV_Handler                           0x080002cd   Thumb Code    88  port.o(.emb_text)
    vPortGetIPSR                             0x08000329   Thumb Code     6  port.o(.emb_text)
    Reset_Handler                            0x08000331   Thumb Code     8  startup_stm32f40_41xxx.o(.text)
    ADC_IRQHandler                           0x0800034b   Thumb Code     0  startup_stm32f40_41xxx.o(.text)
    CAN1_RX1_IRQHandler                      0x0800034b   Thumb Code     0  startup_stm32f40_41xxx.o(.text)
    CAN1_SCE_IRQHandler                      0x0800034b   Thumb Code     0  startup_stm32f40_41xxx.o(.text)
    CAN1_TX_IRQHandler                       0x0800034b   Thumb Code     0  startup_stm32f40_41xxx.o(.text)
    CAN2_RX0_IRQHandler                      0x0800034b   Thumb Code     0  startup_stm32f40_41xxx.o(.text)
    CAN2_RX1_IRQHandler                      0x0800034b   Thumb Code     0  startup_stm32f40_41xxx.o(.text)
    CAN2_SCE_IRQHandler                      0x0800034b   Thumb Code     0  startup_stm32f40_41xxx.o(.text)
    CAN2_TX_IRQHandler                       0x0800034b   Thumb Code     0  startup_stm32f40_41xxx.o(.text)
    CRYP_IRQHandler                          0x0800034b   Thumb Code     0  startup_stm32f40_41xxx.o(.text)
    DCMI_IRQHandler                          0x0800034b   Thumb Code     0  startup_stm32f40_41xxx.o(.text)
    DMA1_Stream0_IRQHandler                  0x0800034b   Thumb Code     0  startup_stm32f40_41xxx.o(.text)
    DMA1_Stream1_IRQHandler                  0x0800034b   Thumb Code     0  startup_stm32f40_41xxx.o(.text)
    DMA1_Stream2_IRQHandler                  0x0800034b   Thumb Code     0  startup_stm32f40_41xxx.o(.text)
    DMA1_Stream3_IRQHandler                  0x0800034b   Thumb Code     0  startup_stm32f40_41xxx.o(.text)
    DMA1_Stream4_IRQHandler                  0x0800034b   Thumb Code     0  startup_stm32f40_41xxx.o(.text)
    DMA1_Stream5_IRQHandler                  0x0800034b   Thumb Code     0  startup_stm32f40_41xxx.o(.text)
    DMA1_Stream6_IRQHandler                  0x0800034b   Thumb Code     0  startup_stm32f40_41xxx.o(.text)
    DMA1_Stream7_IRQHandler                  0x0800034b   Thumb Code     0  startup_stm32f40_41xxx.o(.text)
    DMA2_Stream0_IRQHandler                  0x0800034b   Thumb Code     0  startup_stm32f40_41xxx.o(.text)
    DMA2_Stream1_IRQHandler                  0x0800034b   Thumb Code     0  startup_stm32f40_41xxx.o(.text)
    DMA2_Stream2_IRQHandler                  0x0800034b   Thumb Code     0  startup_stm32f40_41xxx.o(.text)
    DMA2_Stream3_IRQHandler                  0x0800034b   Thumb Code     0  startup_stm32f40_41xxx.o(.text)
    DMA2_Stream4_IRQHandler                  0x0800034b   Thumb Code     0  startup_stm32f40_41xxx.o(.text)
    DMA2_Stream5_IRQHandler                  0x0800034b   Thumb Code     0  startup_stm32f40_41xxx.o(.text)
    DMA2_Stream6_IRQHandler                  0x0800034b   Thumb Code     0  startup_stm32f40_41xxx.o(.text)
    DMA2_Stream7_IRQHandler                  0x0800034b   Thumb Code     0  startup_stm32f40_41xxx.o(.text)
    ETH_IRQHandler                           0x0800034b   Thumb Code     0  startup_stm32f40_41xxx.o(.text)
    ETH_WKUP_IRQHandler                      0x0800034b   Thumb Code     0  startup_stm32f40_41xxx.o(.text)
    EXTI0_IRQHandler                         0x0800034b   Thumb Code     0  startup_stm32f40_41xxx.o(.text)
    EXTI15_10_IRQHandler                     0x0800034b   Thumb Code     0  startup_stm32f40_41xxx.o(.text)
    EXTI1_IRQHandler                         0x0800034b   Thumb Code     0  startup_stm32f40_41xxx.o(.text)
    EXTI2_IRQHandler                         0x0800034b   Thumb Code     0  startup_stm32f40_41xxx.o(.text)
    EXTI3_IRQHandler                         0x0800034b   Thumb Code     0  startup_stm32f40_41xxx.o(.text)
    EXTI4_IRQHandler                         0x0800034b   Thumb Code     0  startup_stm32f40_41xxx.o(.text)
    EXTI9_5_IRQHandler                       0x0800034b   Thumb Code     0  startup_stm32f40_41xxx.o(.text)
    FLASH_IRQHandler                         0x0800034b   Thumb Code     0  startup_stm32f40_41xxx.o(.text)
    FPU_IRQHandler                           0x0800034b   Thumb Code     0  startup_stm32f40_41xxx.o(.text)
    FSMC_IRQHandler                          0x0800034b   Thumb Code     0  startup_stm32f40_41xxx.o(.text)
    HASH_RNG_IRQHandler                      0x0800034b   Thumb Code     0  startup_stm32f40_41xxx.o(.text)
    I2C1_ER_IRQHandler                       0x0800034b   Thumb Code     0  startup_stm32f40_41xxx.o(.text)
    I2C1_EV_IRQHandler                       0x0800034b   Thumb Code     0  startup_stm32f40_41xxx.o(.text)
    I2C2_ER_IRQHandler                       0x0800034b   Thumb Code     0  startup_stm32f40_41xxx.o(.text)
    I2C2_EV_IRQHandler                       0x0800034b   Thumb Code     0  startup_stm32f40_41xxx.o(.text)
    I2C3_ER_IRQHandler                       0x0800034b   Thumb Code     0  startup_stm32f40_41xxx.o(.text)
    I2C3_EV_IRQHandler                       0x0800034b   Thumb Code     0  startup_stm32f40_41xxx.o(.text)
    OTG_FS_IRQHandler                        0x0800034b   Thumb Code     0  startup_stm32f40_41xxx.o(.text)
    OTG_FS_WKUP_IRQHandler                   0x0800034b   Thumb Code     0  startup_stm32f40_41xxx.o(.text)
    OTG_HS_EP1_IN_IRQHandler                 0x0800034b   Thumb Code     0  startup_stm32f40_41xxx.o(.text)
    OTG_HS_EP1_OUT_IRQHandler                0x0800034b   Thumb Code     0  startup_stm32f40_41xxx.o(.text)
    OTG_HS_IRQHandler                        0x0800034b   Thumb Code     0  startup_stm32f40_41xxx.o(.text)
    OTG_HS_WKUP_IRQHandler                   0x0800034b   Thumb Code     0  startup_stm32f40_41xxx.o(.text)
    PVD_IRQHandler                           0x0800034b   Thumb Code     0  startup_stm32f40_41xxx.o(.text)
    RCC_IRQHandler                           0x0800034b   Thumb Code     0  startup_stm32f40_41xxx.o(.text)
    RTC_Alarm_IRQHandler                     0x0800034b   Thumb Code     0  startup_stm32f40_41xxx.o(.text)
    RTC_WKUP_IRQHandler                      0x0800034b   Thumb Code     0  startup_stm32f40_41xxx.o(.text)
    SDIO_IRQHandler                          0x0800034b   Thumb Code     0  startup_stm32f40_41xxx.o(.text)
    SPI1_IRQHandler                          0x0800034b   Thumb Code     0  startup_stm32f40_41xxx.o(.text)
    SPI2_IRQHandler                          0x0800034b   Thumb Code     0  startup_stm32f40_41xxx.o(.text)
    SPI3_IRQHandler                          0x0800034b   Thumb Code     0  startup_stm32f40_41xxx.o(.text)
    TAMP_STAMP_IRQHandler                    0x0800034b   Thumb Code     0  startup_stm32f40_41xxx.o(.text)
    TIM1_BRK_TIM9_IRQHandler                 0x0800034b   Thumb Code     0  startup_stm32f40_41xxx.o(.text)
    TIM1_CC_IRQHandler                       0x0800034b   Thumb Code     0  startup_stm32f40_41xxx.o(.text)
    TIM1_TRG_COM_TIM11_IRQHandler            0x0800034b   Thumb Code     0  startup_stm32f40_41xxx.o(.text)
    TIM1_UP_TIM10_IRQHandler                 0x0800034b   Thumb Code     0  startup_stm32f40_41xxx.o(.text)
    TIM2_IRQHandler                          0x0800034b   Thumb Code     0  startup_stm32f40_41xxx.o(.text)
    TIM5_IRQHandler                          0x0800034b   Thumb Code     0  startup_stm32f40_41xxx.o(.text)
    TIM6_DAC_IRQHandler                      0x0800034b   Thumb Code     0  startup_stm32f40_41xxx.o(.text)
    TIM8_TRG_COM_TIM14_IRQHandler            0x0800034b   Thumb Code     0  startup_stm32f40_41xxx.o(.text)
    UART4_IRQHandler                         0x0800034b   Thumb Code     0  startup_stm32f40_41xxx.o(.text)
    USART6_IRQHandler                        0x0800034b   Thumb Code     0  startup_stm32f40_41xxx.o(.text)
    WWDG_IRQHandler                          0x0800034b   Thumb Code     0  startup_stm32f40_41xxx.o(.text)
    __user_initial_stackheap                 0x0800034d   Thumb Code     0  startup_stm32f40_41xxx.o(.text)
    __use_no_semihosting                     0x08000371   Thumb Code     2  use_no_semi_2.o(.text)
    __2printf                                0x08000375   Thumb Code    20  noretval__2printf.o(.text)
    __printf                                 0x0800038d   Thumb Code   104  __printf.o(.text)
    _printf_str                              0x080003f5   Thumb Code    82  _printf_str.o(.text)
    _printf_int_dec                          0x08000449   Thumb Code   104  _printf_dec.o(.text)
    __aeabi_memcpy                           0x080004c1   Thumb Code     0  rt_memcpy_v6.o(.text)
    __rt_memcpy                              0x080004c1   Thumb Code   138  rt_memcpy_v6.o(.text)
    _memcpy_lastbytes                        0x08000527   Thumb Code     0  rt_memcpy_v6.o(.text)
    __aeabi_memcpy4                          0x0800054b   Thumb Code     0  rt_memcpy_w.o(.text)
    __aeabi_memcpy8                          0x0800054b   Thumb Code     0  rt_memcpy_w.o(.text)
    __rt_memcpy_w                            0x0800054b   Thumb Code   100  rt_memcpy_w.o(.text)
    _memcpy_lastbytes_aligned                0x08000593   Thumb Code     0  rt_memcpy_w.o(.text)
    __aeabi_memset                           0x080005af   Thumb Code    16  aeabi_memset.o(.text)
    __aeabi_memclr4                          0x080005bf   Thumb Code     0  rt_memclr_w.o(.text)
    __aeabi_memclr8                          0x080005bf   Thumb Code     0  rt_memclr_w.o(.text)
    __rt_memclr_w                            0x080005bf   Thumb Code    78  rt_memclr_w.o(.text)
    _memset_w                                0x080005c3   Thumb Code     0  rt_memclr_w.o(.text)
    __use_two_region_memory                  0x0800060d   Thumb Code     2  heapauxi.o(.text)
    __rt_heap_escrow$2region                 0x0800060f   Thumb Code     2  heapauxi.o(.text)
    __rt_heap_expand$2region                 0x08000611   Thumb Code     2  heapauxi.o(.text)
    __I$use$semihosting                      0x08000613   Thumb Code     0  use_no_semi.o(.text)
    __use_no_semihosting_swi                 0x08000613   Thumb Code     2  use_no_semi.o(.text)
    _printf_int_common                       0x08000615   Thumb Code   178  _printf_intcommon.o(.text)
    _printf_char_common                      0x080006d3   Thumb Code    32  _printf_char_common.o(.text)
    _printf_cs_common                        0x080006f9   Thumb Code    20  _printf_char.o(.text)
    _printf_char                             0x0800070d   Thumb Code    16  _printf_char.o(.text)
    _printf_string                           0x0800071d   Thumb Code     8  _printf_char.o(.text)
    _printf_char_file                        0x08000725   Thumb Code    32  _printf_char_file.o(.text)
    __aeabi_memclr                           0x08000749   Thumb Code     0  rt_memclr.o(.text)
    __rt_memclr                              0x08000749   Thumb Code    68  rt_memclr.o(.text)
    _memset                                  0x0800074d   Thumb Code     0  rt_memclr.o(.text)
    ferror                                   0x0800078d   Thumb Code     8  ferror.o(.text)
    __user_libspace                          0x08000795   Thumb Code     8  libspace.o(.text)
    __user_perproc_libspace                  0x08000795   Thumb Code     0  libspace.o(.text)
    __user_perthread_libspace                0x08000795   Thumb Code     0  libspace.o(.text)
    __user_setup_stackheap                   0x0800079d   Thumb Code    74  sys_stackheap_outer.o(.text)
    exit                                     0x080007e7   Thumb Code    18  exit.o(.text)
    BEEP_Init                                0x080007f9   Thumb Code    58  usartx.o(i.BEEP_Init)
    Balance_task                             0x08000839   Thumb Code   240  balance.o(i.Balance_task)
    BusFault_Handler                         0x08000939   Thumb Code     2  stm32f4xx_it.o(i.BusFault_Handler)
    CAN1_RX0_IRQHandler                      0x0800093d   Thumb Code   170  can.o(i.CAN1_RX0_IRQHandler)
    CAN1_Rx_Msg                              0x08000a15   Thumb Code   140  can.o(i.CAN1_Rx_Msg)
    DMA_Cmd                                  0x08000aa9   Thumb Code    20  usartx.o(i.DMA_Cmd)
    DMA_GetCmdStatus                         0x08000abd   Thumb Code    14  usartx.o(i.DMA_GetCmdStatus)
    DMA_ITConfig                             0x08000acb   Thumb Code    44  usartx.o(i.DMA_ITConfig)
    DMA_Init                                 0x08000af9   Thumb Code    80  usartx.o(i.DMA_Init)
    DMA_forUsart3IDLE_Init                   0x08000b4d   Thumb Code   110  usartx.o(i.DMA_forUsart3IDLE_Init)
    Data_send                                0x08000bc9   Thumb Code   124  ano.o(i.Data_send)
    DebugMon_Handler                         0x08000c4d   Thumb Code     2  stm32f4xx_it.o(i.DebugMon_Handler)
    Drive_Motor                              0x08000c51   Thumb Code   136  balance.o(i.Drive_Motor)
    Eight_Gray_Init                          0x08000ced   Thumb Code   120  gray.o(i.Eight_Gray_Init)
    Encoder_Init_TIM1                        0x08000d71   Thumb Code   150  encoder.o(i.Encoder_Init_TIM1)
    Encoder_Init_TIM3                        0x08000e11   Thumb Code   148  encoder.o(i.Encoder_Init_TIM3)
    Encoder_Init_TIM4                        0x08000ead   Thumb Code   182  encoder.o(i.Encoder_Init_TIM4)
    Encoder_Init_TIM8                        0x08000f6d   Thumb Code   148  encoder.o(i.Encoder_Init_TIM8)
    GPIO_Init                                0x08001009   Thumb Code   120  stm32f4xx_gpio.o(i.GPIO_Init)
    GPIO_PinAFConfig                         0x08001081   Thumb Code    32  stm32f4xx_gpio.o(i.GPIO_PinAFConfig)
    GPIO_ResetBits                           0x080010a1   Thumb Code     4  stm32f4xx_gpio.o(i.GPIO_ResetBits)
    GPIO_SetBits                             0x080010a5   Thumb Code     4  stm32f4xx_gpio.o(i.GPIO_SetBits)
    Get_Velocity_Form_Encoder                0x080010a9   Thumb Code   218  balance.o(i.Get_Velocity_Form_Encoder)
    Gray_Init                                0x080011a9   Thumb Code    14  gray.o(i.Gray_Init)
    HardFault_Handler                        0x080011b7   Thumb Code     2  stm32f4xx_it.o(i.HardFault_Handler)
    IIC_Ack                                  0x080011b9   Thumb Code    58  myiic.o(i.IIC_Ack)
    IIC_Init                                 0x08001201   Thumb Code    96  myiic.o(i.IIC_Init)
    IIC_NAck                                 0x08001271   Thumb Code    58  myiic.o(i.IIC_NAck)
    IIC_Read_Byte                            0x080012b9   Thumb Code   100  myiic.o(i.IIC_Read_Byte)
    IIC_Send_Byte                            0x08001329   Thumb Code    90  myiic.o(i.IIC_Send_Byte)
    IIC_Start                                0x08001391   Thumb Code    62  myiic.o(i.IIC_Start)
    IIC_Stop                                 0x080013dd   Thumb Code    64  myiic.o(i.IIC_Stop)
    IIC_Wait_Ack                             0x08001429   Thumb Code    80  myiic.o(i.IIC_Wait_Ack)
    Incremental_PI_A                         0x08001485   Thumb Code    96  balance.o(i.Incremental_PI_A)
    Incremental_PI_B                         0x08001501   Thumb Code    96  balance.o(i.Incremental_PI_B)
    Incremental_PI_C                         0x0800157d   Thumb Code    96  balance.o(i.Incremental_PI_C)
    Incremental_PI_D                         0x080015f9   Thumb Code    96  balance.o(i.Incremental_PI_D)
    Initial_action                           0x08001675   Thumb Code   180  action.o(i.Initial_action)
    LED_Init                                 0x08001729   Thumb Code    56  led.o(i.LED_Init)
    Limit_Pwm                                0x08001765   Thumb Code   126  balance.o(i.Limit_Pwm)
    MOTOR_CONFIG                             0x080017f5   Thumb Code    54  motor.o(i.MOTOR_CONFIG)
    MPU6050_task                             0x08001831   Thumb Code    18  mpu6050.o(i.MPU6050_task)
    MemManage_Handler                        0x08001843   Thumb Code     2  stm32f4xx_it.o(i.MemManage_Handler)
    Motor_Dir                                0x08001845   Thumb Code   194  motor.o(i.Motor_Dir)
    NMI_Handler                              0x08001929   Thumb Code     2  stm32f4xx_it.o(i.NMI_Handler)
    NVIC_Init                                0x0800192d   Thumb Code    96  misc.o(i.NVIC_Init)
    NVIC_PriorityGroupConfig                 0x08001991   Thumb Code    10  misc.o(i.NVIC_PriorityGroupConfig)
    OneGray_init                             0x080019a5   Thumb Code   116  gray.o(i.OneGray_init)
    PCA9685_read                             0x08001a25   Thumb Code    58  pca9685.o(i.PCA9685_read)
    PCA9685_write                            0x08001a5f   Thumb Code    48  pca9685.o(i.PCA9685_write)
    RCC_AHB1PeriphClockCmd                   0x08001a91   Thumb Code    18  stm32f4xx_rcc.o(i.RCC_AHB1PeriphClockCmd)
    RCC_APB1PeriphClockCmd                   0x08001aa9   Thumb Code    18  stm32f4xx_rcc.o(i.RCC_APB1PeriphClockCmd)
    RCC_APB1PeriphResetCmd                   0x08001ac1   Thumb Code    18  stm32f4xx_rcc.o(i.RCC_APB1PeriphResetCmd)
    RCC_APB2PeriphClockCmd                   0x08001ad9   Thumb Code    18  stm32f4xx_rcc.o(i.RCC_APB2PeriphClockCmd)
    RCC_APB2PeriphResetCmd                   0x08001af1   Thumb Code    18  stm32f4xx_rcc.o(i.RCC_APB2PeriphResetCmd)
    RCC_GetClocksFreq                        0x08001b09   Thumb Code   132  stm32f4xx_rcc.o(i.RCC_GetClocksFreq)
    Read_Encoder                             0x08001b99   Thumb Code    50  encoder.o(i.Read_Encoder)
    Robot_Init                               0x08001bdd   Thumb Code   124  robot_select_init.o(i.Robot_Init)
    Robot_Select                             0x08001c75   Thumb Code    84  robot_select_init.o(i.Robot_Select)
    Set_Pwm                                  0x08001da1   Thumb Code   162  balance.o(i.Set_Pwm)
    SysTick_CLKSourceConfig                  0x08001e59   Thumb Code    24  misc.o(i.SysTick_CLKSourceConfig)
    SysTick_Handler                          0x08001e71   Thumb Code    20  delay.o(i.SysTick_Handler)
    SystemInit                               0x08001e85   Thumb Code    74  system_stm32f4xx.o(i.SystemInit)
    TIM3_IRQHandler                          0x08001f45   Thumb Code    14  encoder.o(i.TIM3_IRQHandler)
    TIM4_IRQHandler                          0x08001f59   Thumb Code    14  encoder.o(i.TIM4_IRQHandler)
    TIM5_PWM_Init                            0x08001f6d   Thumb Code   230  motor.o(i.TIM5_PWM_Init)
    TIM7_IRQHandler                          0x0800205d   Thumb Code    38  usartx.o(i.TIM7_IRQHandler)
    TIM8_BRK_TIM12_IRQHandler                0x0800208d   Thumb Code    14  encoder.o(i.TIM8_BRK_TIM12_IRQHandler)
    TIM8_CC_IRQHandler                       0x080020a1   Thumb Code   576  timer.o(i.TIM8_CC_IRQHandler)
    TIM8_UP_TIM13_IRQHandler                 0x08002305   Thumb Code    12  timer.o(i.TIM8_UP_TIM13_IRQHandler)
    TIM_ARRPreloadConfig                     0x08002315   Thumb Code    20  stm32f4xx_tim.o(i.TIM_ARRPreloadConfig)
    TIM_ClearFlag                            0x08002329   Thumb Code     6  stm32f4xx_tim.o(i.TIM_ClearFlag)
    TIM_ClearITPendingBit                    0x0800232f   Thumb Code     6  stm32f4xx_tim.o(i.TIM_ClearITPendingBit)
    TIM_Cmd                                  0x08002335   Thumb Code    20  stm32f4xx_tim.o(i.TIM_Cmd)
    TIM_DeInit                               0x08002349   Thumb Code   284  stm32f4xx_tim.o(i.TIM_DeInit)
    TIM_EncoderInterfaceConfig               0x08002499   Thumb Code    50  stm32f4xx_tim.o(i.TIM_EncoderInterfaceConfig)
    TIM_GetCapture1                          0x080024cb   Thumb Code     4  stm32f4xx_tim.o(i.TIM_GetCapture1)
    TIM_GetCapture2                          0x080024cf   Thumb Code     4  stm32f4xx_tim.o(i.TIM_GetCapture2)
    TIM_GetCapture3                          0x080024d3   Thumb Code     4  stm32f4xx_tim.o(i.TIM_GetCapture3)
    TIM_GetCapture4                          0x080024d7   Thumb Code     4  stm32f4xx_tim.o(i.TIM_GetCapture4)
    TIM_GetITStatus                          0x080024db   Thumb Code    24  stm32f4xx_tim.o(i.TIM_GetITStatus)
    TIM_ICInit                               0x080024f3   Thumb Code   172  stm32f4xx_tim.o(i.TIM_ICInit)
    TIM_ICStructInit                         0x0800259f   Thumb Code    16  stm32f4xx_tim.o(i.TIM_ICStructInit)
    TIM_ITConfig                             0x080025af   Thumb Code    16  stm32f4xx_tim.o(i.TIM_ITConfig)
    TIM_OC1Init                              0x080025c1   Thumb Code    88  stm32f4xx_tim.o(i.TIM_OC1Init)
    TIM_OC1PolarityConfig                    0x08002621   Thumb Code    12  stm32f4xx_tim.o(i.TIM_OC1PolarityConfig)
    TIM_OC1PreloadConfig                     0x0800262d   Thumb Code    12  stm32f4xx_tim.o(i.TIM_OC1PreloadConfig)
    TIM_OC2Init                              0x08002639   Thumb Code   120  stm32f4xx_tim.o(i.TIM_OC2Init)
    TIM_OC2PolarityConfig                    0x080026b9   Thumb Code    20  stm32f4xx_tim.o(i.TIM_OC2PolarityConfig)
    TIM_OC2PreloadConfig                     0x080026cd   Thumb Code    20  stm32f4xx_tim.o(i.TIM_OC2PreloadConfig)
    TIM_OC3Init                              0x080026e1   Thumb Code   116  stm32f4xx_tim.o(i.TIM_OC3Init)
    TIM_OC3PolarityConfig                    0x0800275d   Thumb Code    20  stm32f4xx_tim.o(i.TIM_OC3PolarityConfig)
    TIM_OC3PreloadConfig                     0x08002771   Thumb Code    12  stm32f4xx_tim.o(i.TIM_OC3PreloadConfig)
    TIM_OC4Init                              0x0800277d   Thumb Code    88  stm32f4xx_tim.o(i.TIM_OC4Init)
    TIM_OC4PolarityConfig                    0x080027dd   Thumb Code    20  stm32f4xx_tim.o(i.TIM_OC4PolarityConfig)
    TIM_OC4PreloadConfig                     0x080027f1   Thumb Code    20  stm32f4xx_tim.o(i.TIM_OC4PreloadConfig)
    TIM_SetCompare1                          0x08002805   Thumb Code     4  stm32f4xx_tim.o(i.TIM_SetCompare1)
    TIM_SetCompare2                          0x08002809   Thumb Code     4  stm32f4xx_tim.o(i.TIM_SetCompare2)
    TIM_SetCompare3                          0x0800280d   Thumb Code     4  stm32f4xx_tim.o(i.TIM_SetCompare3)
    TIM_SetCompare4                          0x08002811   Thumb Code     4  stm32f4xx_tim.o(i.TIM_SetCompare4)
    TIM_SetCounter                           0x08002815   Thumb Code     4  stm32f4xx_tim.o(i.TIM_SetCounter)
    TIM_SetIC1Prescaler                      0x08002819   Thumb Code    16  stm32f4xx_tim.o(i.TIM_SetIC1Prescaler)
    TIM_SetIC2Prescaler                      0x08002829   Thumb Code    24  stm32f4xx_tim.o(i.TIM_SetIC2Prescaler)
    TIM_SetIC3Prescaler                      0x08002841   Thumb Code    16  stm32f4xx_tim.o(i.TIM_SetIC3Prescaler)
    TIM_SetIC4Prescaler                      0x08002851   Thumb Code    24  stm32f4xx_tim.o(i.TIM_SetIC4Prescaler)
    TIM_TimeBaseInit                         0x08002869   Thumb Code    96  stm32f4xx_tim.o(i.TIM_TimeBaseInit)
    TIM_TimeBaseStructInit                   0x080028e5   Thumb Code    18  stm32f4xx_tim.o(i.TIM_TimeBaseStructInit)
    UART5_IRQHandler                         0x080028f9   Thumb Code    80  usartx.o(i.UART5_IRQHandler)
    USART1_IRQHandler                        0x08002955   Thumb Code    52  usartx.o(i.USART1_IRQHandler)
    USART2_IRQHandler                        0x08002991   Thumb Code    46  usartx.o(i.USART2_IRQHandler)
    USART3_IRQHandler                        0x080029c5   Thumb Code    48  usartx.o(i.USART3_IRQHandler)
    USART_ClearFlag                          0x080029fd   Thumb Code     6  stm32f4xx_usart.o(i.USART_ClearFlag)
    USART_ClearITPendingBit                  0x08002a03   Thumb Code    12  stm32f4xx_usart.o(i.USART_ClearITPendingBit)
    USART_Cmd                                0x08002a0f   Thumb Code    20  stm32f4xx_usart.o(i.USART_Cmd)
    USART_DMACmd                             0x08002a23   Thumb Code    16  stm32f4xx_usart.o(i.USART_DMACmd)
    USART_GetITStatus                        0x08002a33   Thumb Code    62  stm32f4xx_usart.o(i.USART_GetITStatus)
    USART_ITConfig                           0x08002a71   Thumb Code    48  stm32f4xx_usart.o(i.USART_ITConfig)
    USART_Init                               0x08002aa1   Thumb Code   164  stm32f4xx_usart.o(i.USART_Init)
    USART_ReceiveData                        0x08002b4d   Thumb Code     8  stm32f4xx_usart.o(i.USART_ReceiveData)
    USART_SendData                           0x08002b55   Thumb Code     8  stm32f4xx_usart.o(i.USART_SendData)
    UsageFault_Handler                       0x08002b5d   Thumb Code     2  stm32f4xx_it.o(i.UsageFault_Handler)
    __hardfp_floor                           0x08002b61   Thumb Code   252  floor.o(i.__hardfp_floor)
    _sys_exit                                0x08002c79   Thumb Code     2  usart.o(i._sys_exit)
    calculate_PWM                            0x08002c7d   Thumb Code    50  pca9685.o(i.calculate_PWM)
    circle_data_deal                         0x08002cc9   Thumb Code    60  usartx.o(i.circle_data_deal)
    code_data_deal                           0x08002d0d   Thumb Code    88  usartx.o(i.code_data_deal)
    colour_data_deal                         0x08002d6d   Thumb Code    84  usartx.o(i.colour_data_deal)
    data_task                                0x08002dcd   Thumb Code    64  usartx.o(i.data_task)
    delay_init                               0x08002e11   Thumb Code    50  delay.o(i.delay_init)
    delay_ms                                 0x08002e49   Thumb Code    52  delay.o(i.delay_ms)
    delay_us                                 0x08002e81   Thumb Code    48  delay.o(i.delay_us)
    fputc                                    0x08002eb5   Thumb Code    14  usart.o(i.fputc)
    g_run28                                  0x08002ec9   Thumb Code  1240  gray_go.o(i.g_run28)
    getSysTickCnt                            0x080033a1   Thumb Code    24  delay.o(i.getSysTickCnt)
    main                                     0x080033bd   Thumb Code    34  main.o(i.main)
    pvPortMalloc                             0x08003c59   Thumb Code   214  heap_4.o(i.pvPortMalloc)
    pvTaskIncrementMutexHeldCount            0x08003d6d   Thumb Code    18  tasks.o(i.pvTaskIncrementMutexHeldCount)
    pxPortInitialiseStack                    0x08003d85   Thumb Code    40  port.o(i.pxPortInitialiseStack)
    setPWM                                   0x08003db1   Thumb Code    68  pca9685.o(i.setPWM)
    setPWMFreq                               0x08003df5   Thumb Code   130  pca9685.o(i.setPWMFreq)
    start_task                               0x08003e91   Thumb Code    78  main.o(i.start_task)
    systemInit                               0x08003f1d   Thumb Code   100  system.o(i.systemInit)
    target_limit_float                       0x08003f81   Thumb Code    32  balance.o(i.target_limit_float)
    uart1_init                               0x08003fa1   Thumb Code   162  usartx.o(i.uart1_init)
    uart2_init                               0x0800404d   Thumb Code   174  usartx.o(i.uart2_init)
    uart3_init                               0x08004109   Thumb Code   174  usartx.o(i.uart3_init)
    uxListRemove                             0x080041c5   Thumb Code    36  list.o(i.uxListRemove)
    vListInitialise                          0x080041e9   Thumb Code    22  list.o(i.vListInitialise)
    vListInitialiseItem                      0x080041ff   Thumb Code     6  list.o(i.vListInitialiseItem)
    vListInsert                              0x08004205   Thumb Code    48  list.o(i.vListInsert)
    vListInsertEnd                           0x08004235   Thumb Code    24  list.o(i.vListInsertEnd)
    vPortEnterCritical                       0x0800424d   Thumb Code    50  port.o(i.vPortEnterCritical)
    vPortExitCritical                        0x080042c5   Thumb Code    34  port.o(i.vPortExitCritical)
    vPortFree                                0x08004329   Thumb Code    94  heap_4.o(i.vPortFree)
    vPortSetupTimerInterrupt                 0x080043c5   Thumb Code    26  port.o(i.vPortSetupTimerInterrupt)
    vPortValidateInterruptPriority           0x080043e5   Thumb Code    70  port.o(i.vPortValidateInterruptPriority)
    vQueueAddToRegistry                      0x08004471   Thumb Code    32  queue.o(i.vQueueAddToRegistry)
    vQueueWaitForMessageRestricted           0x08004495   Thumb Code    68  queue.o(i.vQueueWaitForMessageRestricted)
    vTaskDelay                               0x080044d9   Thumb Code    62  tasks.o(i.vTaskDelay)
    vTaskDelayUntil                          0x08004545   Thumb Code   128  tasks.o(i.vTaskDelayUntil)
    vTaskDelete                              0x080045f1   Thumb Code   152  tasks.o(i.vTaskDelete)
    vTaskMissedYield                         0x080046bd   Thumb Code     8  tasks.o(i.vTaskMissedYield)
    vTaskPlaceOnEventList                    0x080046c9   Thumb Code    44  tasks.o(i.vTaskPlaceOnEventList)
    vTaskPlaceOnEventListRestricted          0x0800471d   Thumb Code    52  tasks.o(i.vTaskPlaceOnEventListRestricted)
    vTaskPriorityInherit                     0x08004779   Thumb Code   124  tasks.o(i.vTaskPriorityInherit)
    vTaskSetTimeOutState                     0x080047fd   Thumb Code    30  tasks.o(i.vTaskSetTimeOutState)
    vTaskStartScheduler                      0x08004845   Thumb Code    96  tasks.o(i.vTaskStartScheduler)
    vTaskSuspendAll                          0x080048d9   Thumb Code    10  tasks.o(i.vTaskSuspendAll)
    vTaskSwitchContext                       0x080048e9   Thumb Code    80  tasks.o(i.vTaskSwitchContext)
    xPortStartScheduler                      0x08004965   Thumb Code   196  port.o(i.xPortStartScheduler)
    xPortSysTickHandler                      0x08004a79   Thumb Code    38  port.o(i.xPortSysTickHandler)
    xQueueGenericCreate                      0x08004aa5   Thumb Code    82  queue.o(i.xQueueGenericCreate)
    xQueueGenericReceive                     0x08004b1d   Thumb Code   348  queue.o(i.xQueueGenericReceive)
    xQueueGenericReset                       0x08004ca1   Thumb Code   128  queue.o(i.xQueueGenericReset)
    xQueueGenericSend                        0x08004d49   Thumb Code   350  queue.o(i.xQueueGenericSend)
    xQueueGenericSendFromISR                 0x08004ed1   Thumb Code   188  queue.o(i.xQueueGenericSendFromISR)
    xTaskCheckForTimeOut                     0x08004fb1   Thumb Code    94  tasks.o(i.xTaskCheckForTimeOut)
    xTaskCreate                              0x08005039   Thumb Code    86  tasks.o(i.xTaskCreate)
    xTaskGetSchedulerState                   0x08005091   Thumb Code    22  tasks.o(i.xTaskGetSchedulerState)
    xTaskGetTickCount                        0x080050ad   Thumb Code     6  tasks.o(i.xTaskGetTickCount)
    xTaskIncrementTick                       0x080050b9   Thumb Code   188  tasks.o(i.xTaskIncrementTick)
    xTaskPriorityDisinherit                  0x080051a1   Thumb Code   136  tasks.o(i.xTaskPriorityDisinherit)
    xTaskRemoveFromEventList                 0x08005255   Thumb Code   102  tasks.o(i.xTaskRemoveFromEventList)
    xTaskResumeAll                           0x080052ed   Thumb Code   180  tasks.o(i.xTaskResumeAll)
    xTimerCreate                             0x080053d1   Thumb Code    74  timers.o(i.xTimerCreate)
    xTimerCreateTimerTask                    0x08005445   Thumb Code    58  timers.o(i.xTimerCreateTimerTask)
    xTimerGenericCommand                     0x080054b9   Thumb Code    98  timers.o(i.xTimerGenericCommand)
    __aeabi_d2f                              0x08005549   Thumb Code     0  d2f.o(x$fpl$d2f)
    _d2f                                     0x08005549   Thumb Code    98  d2f.o(x$fpl$d2f)
    __aeabi_dadd                             0x080055ad   Thumb Code     0  daddsub_clz.o(x$fpl$dadd)
    _dadd                                    0x080055ad   Thumb Code   332  daddsub_clz.o(x$fpl$dadd)
    __fpl_dcmp_Inf                           0x080056fd   Thumb Code    24  dcmpi.o(x$fpl$dcmpinf)
    __aeabi_ddiv                             0x08005715   Thumb Code     0  ddiv.o(x$fpl$ddiv)
    _ddiv                                    0x08005715   Thumb Code   552  ddiv.o(x$fpl$ddiv)
    __aeabi_d2iz                             0x080059c5   Thumb Code     0  dfix.o(x$fpl$dfix)
    _dfix                                    0x080059c5   Thumb Code    94  dfix.o(x$fpl$dfix)
    __aeabi_d2uiz                            0x08005a25   Thumb Code     0  dfixu.o(x$fpl$dfixu)
    _dfixu                                   0x08005a25   Thumb Code    90  dfixu.o(x$fpl$dfixu)
    __aeabi_ui2d                             0x08005a7f   Thumb Code     0  dflt_clz.o(x$fpl$dfltu)
    _dfltu                                   0x08005a7f   Thumb Code    38  dflt_clz.o(x$fpl$dfltu)
    __aeabi_cdcmple                          0x08005aa5   Thumb Code     0  dleqf.o(x$fpl$dleqf)
    _dcmple                                  0x08005aa5   Thumb Code   120  dleqf.o(x$fpl$dleqf)
    __fpl_dcmple_InfNaN                      0x08005b07   Thumb Code     0  dleqf.o(x$fpl$dleqf)
    __aeabi_dmul                             0x08005b1d   Thumb Code     0  dmul.o(x$fpl$dmul)
    _dmul                                    0x08005b1d   Thumb Code   332  dmul.o(x$fpl$dmul)
    __fpl_dnaninf                            0x08005c71   Thumb Code   156  dnaninf.o(x$fpl$dnaninf)
    __fpl_dretinf                            0x08005d0d   Thumb Code    12  dretinf.o(x$fpl$dretinf)
    __aeabi_cdrcmple                         0x08005d19   Thumb Code     0  drleqf.o(x$fpl$drleqf)
    _drcmple                                 0x08005d19   Thumb Code   108  drleqf.o(x$fpl$drleqf)
    __aeabi_drsub                            0x08005d85   Thumb Code     0  daddsub_clz.o(x$fpl$drsb)
    _drsb                                    0x08005d85   Thumb Code    22  daddsub_clz.o(x$fpl$drsb)
    __aeabi_dsub                             0x08005d9d   Thumb Code     0  daddsub_clz.o(x$fpl$dsub)
    _dsub                                    0x08005d9d   Thumb Code   464  daddsub_clz.o(x$fpl$dsub)
    _fp_init                                 0x08005f71   Thumb Code    10  fpinit.o(x$fpl$fpinit)
    __fplib_config_fpu_vfp                   0x08005f79   Thumb Code     0  fpinit.o(x$fpl$fpinit)
    __fplib_config_pureend_doubles           0x08005f79   Thumb Code     0  fpinit.o(x$fpl$fpinit)
    __fpl_fretinf                            0x08005f7b   Thumb Code    10  fretinf.o(x$fpl$fretinf)
    Region$$Table$$Base                      0x08005f84   Number         0  anon$$obj.o(Region$$Table)
    __I$use$fp                               0x08005f84   Number         0  usenofp.o(x$fpl$usenofp)
    Region$$Table$$Limit                     0x08005fa4   Number         0  anon$$obj.o(Region$$Table)
    StartTask_Handler                        0x20000000   Data           4  main.o(.data)
    SystemCoreClock                          0x20000004   Data           4  system_stm32f4xx.o(.data)
    AHBPrescTable                            0x20000008   Data          16  system_stm32f4xx.o(.data)
    TIM8CH1_CAPTURE_STA                      0x20000018   Data           1  timer.o(.data)
    TIM8CH2_CAPTURE_STA                      0x20000019   Data           1  timer.o(.data)
    TIM8CH3_CAPTURE_STA                      0x2000001a   Data           1  timer.o(.data)
    TIM8CH4_CAPTURE_STA                      0x2000001b   Data           1  timer.o(.data)
    TIM8CH1_CAPTURE_UPVAL                    0x2000001c   Data           2  timer.o(.data)
    TIM8CH1_CAPTURE_DOWNVAL                  0x2000001e   Data           2  timer.o(.data)
    TIM8CH2_CAPTURE_UPVAL                    0x20000020   Data           2  timer.o(.data)
    TIM8CH2_CAPTURE_DOWNVAL                  0x20000022   Data           2  timer.o(.data)
    TIM8CH3_CAPTURE_UPVAL                    0x20000024   Data           2  timer.o(.data)
    TIM8CH3_CAPTURE_DOWNVAL                  0x20000026   Data           2  timer.o(.data)
    TIM8CH4_CAPTURE_UPVAL                    0x20000028   Data           2  timer.o(.data)
    TIM8CH4_CAPTURE_DOWNVAL                  0x2000002a   Data           2  timer.o(.data)
    Remoter_Ch1                              0x2000002c   Data           4  timer.o(.data)
    Remoter_Ch2                              0x20000030   Data           4  timer.o(.data)
    Remoter_Ch3                              0x20000034   Data           4  timer.o(.data)
    Remoter_Ch4                              0x20000038   Data           4  timer.o(.data)
    L_Remoter_Ch1                            0x2000003c   Data           4  timer.o(.data)
    L_Remoter_Ch2                            0x20000040   Data           4  timer.o(.data)
    L_Remoter_Ch3                            0x20000044   Data           4  timer.o(.data)
    L_Remoter_Ch4                            0x20000048   Data           4  timer.o(.data)
    TIM8_T1                                  0x2000004c   Data           4  timer.o(.data)
    TIM8_T2                                  0x20000050   Data           4  timer.o(.data)
    TIM8_T3                                  0x20000054   Data           4  timer.o(.data)
    TIM8_T4                                  0x20000058   Data           4  timer.o(.data)
    colour_data_Max_len                      0x2000005c   Data           1  usartx.o(.data)
    RES                                      0x2000005f   Data           1  usartx.o(.data)
    colour_type                              0x20000061   Data           1  usartx.o(.data)
    colour_cx                                0x20000062   Data           1  usartx.o(.data)
    colour_cy                                0x20000063   Data           1  usartx.o(.data)
    colour_distance                          0x20000064   Data           1  usartx.o(.data)
    m                                        0x20000066   Data           2  usartx.o(.data)
    time                                     0x20000068   Data           2  usartx.o(.data)
    time1                                    0x2000006a   Data           2  usartx.o(.data)
    Angle_X                                  0x2000006c   Data           2  usartx.o(.data)
    Angle_Y                                  0x2000006e   Data           2  usartx.o(.data)
    Angle_Z                                  0x20000070   Data           2  usartx.o(.data)
    aacx                                     0x20000072   Data           2  usartx.o(.data)
    aacy                                     0x20000074   Data           2  usartx.o(.data)
    aacz                                     0x20000076   Data           2  usartx.o(.data)
    gyrox                                    0x20000078   Data           2  usartx.o(.data)
    gyroy                                    0x2000007a   Data           2  usartx.o(.data)
    gyroz                                    0x2000007c   Data           2  usartx.o(.data)
    a                                        0x20000080   Data           4  usartx.o(.data)
    tin                                      0x20000084   Data           4  usartx.o(.data)
    left_flag                                0x20000088   Data           4  usartx.o(.data)
    right_flag                               0x2000008c   Data           4  usartx.o(.data)
    rho_err                                  0x20000090   Data           4  usartx.o(.data)
    theta_err                                0x20000094   Data           4  usartx.o(.data)
    cx                                       0x20000098   Data           4  usartx.o(.data)
    cy                                       0x2000009c   Data           4  usartx.o(.data)
    code_number1                             0x200000a0   Data           4  usartx.o(.data)
    code_number2                             0x200000a4   Data           4  usartx.o(.data)
    code_number3                             0x200000a8   Data           4  usartx.o(.data)
    code_number4                             0x200000ac   Data           4  usartx.o(.data)
    code_number5                             0x200000b0   Data           4  usartx.o(.data)
    code_number6                             0x200000b4   Data           4  usartx.o(.data)
    b                                        0x200000b8   Data           8  usartx.o(.data)
    Data_Buff                                0x200000c3   Data          32  ano.o(.data)
    Data_Sent                                0x200000e3   Data          32  ano.o(.data)
    Data_Check                               0x20000103   Data          12  ano.o(.data)
    __stdout                                 0x20000118   Data           4  usart.o(.data)
    pxCurrentTCB                             0x2000012c   Data           4  tasks.o(.data)
    Car_Mode                                 0x200001a0   Data           1  system.o(.data)
    Velocity_KP                              0x200001a4   Data           4  system.o(.data)
    Velocity_KI                              0x200001a8   Data           4  system.o(.data)
    PS2_ON_Flag                              0x200001ac   Data           1  system.o(.data)
    APP_ON_Flag                              0x200001ad   Data           1  system.o(.data)
    Remote_ON_Flag                           0x200001ae   Data           1  system.o(.data)
    CAN_ON_Flag                              0x200001af   Data           1  system.o(.data)
    CheckPhrase1                             0x200001b0   Data           4  system.o(.data)
    CheckPhrase2                             0x200001b4   Data           4  system.o(.data)
    Divisor_Mode                             0x200001b8   Data           4  system.o(.data)
    Move_X                                   0x200001bc   Data           4  system.o(.data)
    Move_Y                                   0x200001c0   Data           4  system.o(.data)
    Move_Z                                   0x200001c4   Data           4  system.o(.data)
    Encoder_precision                        0x200001c8   Data           4  system.o(.data)
    Wheel_perimeter                          0x200001cc   Data           4  system.o(.data)
    Wheel_spacing                            0x200001d0   Data           4  system.o(.data)
    Axle_spacing                             0x200001d4   Data           4  system.o(.data)
    Omni_turn_radiaus                        0x200001d8   Data           4  system.o(.data)
    Usart1_ON_Flag                           0x200001dc   Data           1  system.o(.data)
    Usart5_ON_Flag                           0x200001dd   Data           1  system.o(.data)
    robot_mode_check_flag                    0x200001e4   Data           4  balance.o(.data)
    command_lost_count                       0x20000278   Data           1  balance.o(.data)
    Deviation_Count                          0x2000027c   Data           4  mpu6050.o(.data)
    gyro                                     0x20000280   Data           6  mpu6050.o(.data)
    accel                                    0x20000286   Data           6  mpu6050.o(.data)
    Deviation_gyro                           0x2000028c   Data           6  mpu6050.o(.data)
    Original_gyro                            0x20000292   Data           6  mpu6050.o(.data)
    Deviation_accel                          0x20000298   Data           6  mpu6050.o(.data)
    Original_accel                           0x2000029e   Data           6  mpu6050.o(.data)
    Send_Data                                0x200002a4   Data          48  usartx.o(.bss)
    Receive_Data                             0x200002d4   Data          32  usartx.o(.bss)
    openmv_date                              0x200003bc   Data          24  usartx.o(.bss)
    bufferAngle                              0x200003d4   Data          33  usartx.o(.bss)
    xQueueRegistry                           0x2000045c   Data          64  queue.o(.bss)
    MOTOR_A                                  0x200057a8   Data          20  system.o(.bss)
    MOTOR_B                                  0x200057bc   Data          20  system.o(.bss)
    MOTOR_C                                  0x200057d0   Data          20  system.o(.bss)
    MOTOR_D                                  0x200057e4   Data          20  system.o(.bss)
    OriginalEncoder                          0x200057f8   Data          16  balance.o(.bss)
    Robot_Parament                           0x20005808   Data          24  robot_select_init.o(.bss)
    __libspace_start                         0x20005820   Data          96  libspace.o(.bss)
    __temporary_stack_top$libspace           0x20005880   Data           0  libspace.o(.bss)



==============================================================================

Memory Map of the image

  Image Entry point : 0x08000189

  Load Region LR_IROM1 (Base: 0x08000000, Size: 0x00006248, Max: 0x00100000, ABSOLUTE, COMPRESSED[0x00005fe4])

    Execution Region ER_IROM1 (Exec base: 0x08000000, Load base: 0x08000000, Size: 0x00005fa4, Max: 0x00100000, ABSOLUTE)

    Exec Addr    Load Addr    Size         Type   Attr      Idx    E Section Name        Object

    0x08000000   0x08000000   0x00000188   Data   RO         2415    RESET               startup_stm32f40_41xxx.o
    0x08000188   0x08000188   0x00000008   Code   RO         6149  * !!!main             c_w.l(__main.o)
    0x08000190   0x08000190   0x00000034   Code   RO         6463    !!!scatter          c_w.l(__scatter.o)
    0x080001c4   0x080001c4   0x0000005a   Code   RO         6461    !!dczerorl2         c_w.l(__dczerorl2.o)
    0x0800021e   0x0800021e   0x00000002   PAD
    0x08000220   0x08000220   0x0000001c   Code   RO         6465    !!handler_zi        c_w.l(__scatter_zi.o)
    0x0800023c   0x0800023c   0x00000000   Code   RO         6134    .ARM.Collect$$_printf_percent$$00000000  c_w.l(_printf_percent.o)
    0x0800023c   0x0800023c   0x00000006   Code   RO         6132    .ARM.Collect$$_printf_percent$$00000009  c_w.l(_printf_d.o)
    0x08000242   0x08000242   0x00000006   Code   RO         6131    .ARM.Collect$$_printf_percent$$00000014  c_w.l(_printf_s.o)
    0x08000248   0x08000248   0x00000004   Code   RO         6244    .ARM.Collect$$_printf_percent$$00000017  c_w.l(_printf_percent_end.o)
    0x0800024c   0x0800024c   0x00000002   Code   RO         6336    .ARM.Collect$$libinit$$00000000  c_w.l(libinit.o)
    0x0800024e   0x0800024e   0x00000004   Code   RO         6339    .ARM.Collect$$libinit$$00000001  c_w.l(libinit2.o)
    0x08000252   0x08000252   0x00000000   Code   RO         6342    .ARM.Collect$$libinit$$00000004  c_w.l(libinit2.o)
    0x08000252   0x08000252   0x00000000   Code   RO         6345    .ARM.Collect$$libinit$$0000000A  c_w.l(libinit2.o)
    0x08000252   0x08000252   0x00000000   Code   RO         6347    .ARM.Collect$$libinit$$0000000C  c_w.l(libinit2.o)
    0x08000252   0x08000252   0x00000000   Code   RO         6349    .ARM.Collect$$libinit$$0000000E  c_w.l(libinit2.o)
    0x08000252   0x08000252   0x00000000   Code   RO         6352    .ARM.Collect$$libinit$$00000011  c_w.l(libinit2.o)
    0x08000252   0x08000252   0x00000000   Code   RO         6354    .ARM.Collect$$libinit$$00000013  c_w.l(libinit2.o)
    0x08000252   0x08000252   0x00000000   Code   RO         6356    .ARM.Collect$$libinit$$00000015  c_w.l(libinit2.o)
    0x08000252   0x08000252   0x00000000   Code   RO         6358    .ARM.Collect$$libinit$$00000017  c_w.l(libinit2.o)
    0x08000252   0x08000252   0x00000000   Code   RO         6360    .ARM.Collect$$libinit$$00000019  c_w.l(libinit2.o)
    0x08000252   0x08000252   0x00000000   Code   RO         6362    .ARM.Collect$$libinit$$0000001B  c_w.l(libinit2.o)
    0x08000252   0x08000252   0x00000000   Code   RO         6364    .ARM.Collect$$libinit$$0000001D  c_w.l(libinit2.o)
    0x08000252   0x08000252   0x00000000   Code   RO         6366    .ARM.Collect$$libinit$$0000001F  c_w.l(libinit2.o)
    0x08000252   0x08000252   0x00000000   Code   RO         6368    .ARM.Collect$$libinit$$00000021  c_w.l(libinit2.o)
    0x08000252   0x08000252   0x00000000   Code   RO         6370    .ARM.Collect$$libinit$$00000023  c_w.l(libinit2.o)
    0x08000252   0x08000252   0x00000000   Code   RO         6372    .ARM.Collect$$libinit$$00000025  c_w.l(libinit2.o)
    0x08000252   0x08000252   0x00000000   Code   RO         6376    .ARM.Collect$$libinit$$0000002C  c_w.l(libinit2.o)
    0x08000252   0x08000252   0x00000000   Code   RO         6378    .ARM.Collect$$libinit$$0000002E  c_w.l(libinit2.o)
    0x08000252   0x08000252   0x00000000   Code   RO         6380    .ARM.Collect$$libinit$$00000030  c_w.l(libinit2.o)
    0x08000252   0x08000252   0x00000000   Code   RO         6382    .ARM.Collect$$libinit$$00000032  c_w.l(libinit2.o)
    0x08000252   0x08000252   0x00000002   Code   RO         6383    .ARM.Collect$$libinit$$00000033  c_w.l(libinit2.o)
    0x08000254   0x08000254   0x00000002   Code   RO         6401    .ARM.Collect$$libshutdown$$00000000  c_w.l(libshutdown.o)
    0x08000256   0x08000256   0x00000000   Code   RO         6411    .ARM.Collect$$libshutdown$$00000002  c_w.l(libshutdown2.o)
    0x08000256   0x08000256   0x00000000   Code   RO         6413    .ARM.Collect$$libshutdown$$00000004  c_w.l(libshutdown2.o)
    0x08000256   0x08000256   0x00000000   Code   RO         6415    .ARM.Collect$$libshutdown$$00000006  c_w.l(libshutdown2.o)
    0x08000256   0x08000256   0x00000000   Code   RO         6418    .ARM.Collect$$libshutdown$$00000009  c_w.l(libshutdown2.o)
    0x08000256   0x08000256   0x00000000   Code   RO         6421    .ARM.Collect$$libshutdown$$0000000C  c_w.l(libshutdown2.o)
    0x08000256   0x08000256   0x00000000   Code   RO         6423    .ARM.Collect$$libshutdown$$0000000E  c_w.l(libshutdown2.o)
    0x08000256   0x08000256   0x00000000   Code   RO         6426    .ARM.Collect$$libshutdown$$00000011  c_w.l(libshutdown2.o)
    0x08000256   0x08000256   0x00000002   Code   RO         6427    .ARM.Collect$$libshutdown$$00000012  c_w.l(libshutdown2.o)
    0x08000258   0x08000258   0x00000000   Code   RO         6231    .ARM.Collect$$rtentry$$00000000  c_w.l(__rtentry.o)
    0x08000258   0x08000258   0x00000000   Code   RO         6299    .ARM.Collect$$rtentry$$00000002  c_w.l(__rtentry2.o)
    0x08000258   0x08000258   0x00000006   Code   RO         6311    .ARM.Collect$$rtentry$$00000004  c_w.l(__rtentry4.o)
    0x0800025e   0x0800025e   0x00000000   Code   RO         6301    .ARM.Collect$$rtentry$$00000009  c_w.l(__rtentry2.o)
    0x0800025e   0x0800025e   0x00000004   Code   RO         6302    .ARM.Collect$$rtentry$$0000000A  c_w.l(__rtentry2.o)
    0x08000262   0x08000262   0x00000000   Code   RO         6304    .ARM.Collect$$rtentry$$0000000C  c_w.l(__rtentry2.o)
    0x08000262   0x08000262   0x00000008   Code   RO         6305    .ARM.Collect$$rtentry$$0000000D  c_w.l(__rtentry2.o)
    0x0800026a   0x0800026a   0x00000002   Code   RO         6337    .ARM.Collect$$rtexit$$00000000  c_w.l(rtexit.o)
    0x0800026c   0x0800026c   0x00000000   Code   RO         6385    .ARM.Collect$$rtexit$$00000002  c_w.l(rtexit2.o)
    0x0800026c   0x0800026c   0x00000004   Code   RO         6386    .ARM.Collect$$rtexit$$00000003  c_w.l(rtexit2.o)
    0x08000270   0x08000270   0x00000006   Code   RO         6387    .ARM.Collect$$rtexit$$00000004  c_w.l(rtexit2.o)
    0x08000276   0x08000276   0x00000002   PAD
    0x08000278   0x08000278   0x000000b6   Code   RO         5371    .emb_text           port.o
    0x0800032e   0x0800032e   0x00000002   PAD
    0x08000330   0x08000330   0x00000040   Code   RO         2416    .text               startup_stm32f40_41xxx.o
    0x08000370   0x08000370   0x00000002   Code   RO         6094    .text               c_w.l(use_no_semi_2.o)
    0x08000372   0x08000372   0x00000002   PAD
    0x08000374   0x08000374   0x00000018   Code   RO         6100    .text               c_w.l(noretval__2printf.o)
    0x0800038c   0x0800038c   0x00000068   Code   RO         6104    .text               c_w.l(__printf.o)
    0x080003f4   0x080003f4   0x00000052   Code   RO         6106    .text               c_w.l(_printf_str.o)
    0x08000446   0x08000446   0x00000002   PAD
    0x08000448   0x08000448   0x00000078   Code   RO         6108    .text               c_w.l(_printf_dec.o)
    0x080004c0   0x080004c0   0x0000008a   Code   RO         6139    .text               c_w.l(rt_memcpy_v6.o)
    0x0800054a   0x0800054a   0x00000064   Code   RO         6141    .text               c_w.l(rt_memcpy_w.o)
    0x080005ae   0x080005ae   0x00000010   Code   RO         6143    .text               c_w.l(aeabi_memset.o)
    0x080005be   0x080005be   0x0000004e   Code   RO         6145    .text               c_w.l(rt_memclr_w.o)
    0x0800060c   0x0800060c   0x00000006   Code   RO         6147    .text               c_w.l(heapauxi.o)
    0x08000612   0x08000612   0x00000002   Code   RO         6229    .text               c_w.l(use_no_semi.o)
    0x08000614   0x08000614   0x000000b2   Code   RO         6234    .text               c_w.l(_printf_intcommon.o)
    0x080006c6   0x080006c6   0x00000002   PAD
    0x080006c8   0x080006c8   0x00000030   Code   RO         6236    .text               c_w.l(_printf_char_common.o)
    0x080006f8   0x080006f8   0x0000002c   Code   RO         6240    .text               c_w.l(_printf_char.o)
    0x08000724   0x08000724   0x00000024   Code   RO         6242    .text               c_w.l(_printf_char_file.o)
    0x08000748   0x08000748   0x00000044   Code   RO         6245    .text               c_w.l(rt_memclr.o)
    0x0800078c   0x0800078c   0x00000008   Code   RO         6320    .text               c_w.l(ferror.o)
    0x08000794   0x08000794   0x00000008   Code   RO         6324    .text               c_w.l(libspace.o)
    0x0800079c   0x0800079c   0x0000004a   Code   RO         6327    .text               c_w.l(sys_stackheap_outer.o)
    0x080007e6   0x080007e6   0x00000012   Code   RO         6329    .text               c_w.l(exit.o)
    0x080007f8   0x080007f8   0x00000040   Code   RO         1031    i.BEEP_Init         usartx.o
    0x08000838   0x08000838   0x00000100   Code   RO         5593    i.Balance_task      balance.o
    0x08000938   0x08000938   0x00000002   Code   RO          270    i.BusFault_Handler  stm32f4xx_it.o
    0x0800093a   0x0800093a   0x00000002   PAD
    0x0800093c   0x0800093c   0x000000d8   Code   RO          447    i.CAN1_RX0_IRQHandler  can.o
    0x08000a14   0x08000a14   0x00000094   Code   RO          449    i.CAN1_Rx_Msg       can.o
    0x08000aa8   0x08000aa8   0x00000014   Code   RO         1037    i.DMA_Cmd           usartx.o
    0x08000abc   0x08000abc   0x0000000e   Code   RO         1038    i.DMA_GetCmdStatus  usartx.o
    0x08000aca   0x08000aca   0x0000002c   Code   RO         1039    i.DMA_ITConfig      usartx.o
    0x08000af6   0x08000af6   0x00000002   PAD
    0x08000af8   0x08000af8   0x00000054   Code   RO         1040    i.DMA_Init          usartx.o
    0x08000b4c   0x08000b4c   0x0000007c   Code   RO         1041    i.DMA_forUsart3IDLE_Init  usartx.o
    0x08000bc8   0x08000bc8   0x00000084   Code   RO         1550    i.Data_send         ano.o
    0x08000c4c   0x08000c4c   0x00000002   Code   RO          271    i.DebugMon_Handler  stm32f4xx_it.o
    0x08000c4e   0x08000c4e   0x00000002   PAD
    0x08000c50   0x08000c50   0x0000009c   Code   RO         5594    i.Drive_Motor       balance.o
    0x08000cec   0x08000cec   0x00000084   Code   RO         1599    i.Eight_Gray_Init   gray.o
    0x08000d70   0x08000d70   0x000000a0   Code   RO          519    i.Encoder_Init_TIM1  encoder.o
    0x08000e10   0x08000e10   0x0000009c   Code   RO          520    i.Encoder_Init_TIM3  encoder.o
    0x08000eac   0x08000eac   0x000000c0   Code   RO          521    i.Encoder_Init_TIM4  encoder.o
    0x08000f6c   0x08000f6c   0x0000009c   Code   RO          522    i.Encoder_Init_TIM8  encoder.o
    0x08001008   0x08001008   0x00000078   Code   RO         2467    i.GPIO_Init         stm32f4xx_gpio.o
    0x08001080   0x08001080   0x00000020   Code   RO         2468    i.GPIO_PinAFConfig  stm32f4xx_gpio.o
    0x080010a0   0x080010a0   0x00000004   Code   RO         2474    i.GPIO_ResetBits    stm32f4xx_gpio.o
    0x080010a4   0x080010a4   0x00000004   Code   RO         2475    i.GPIO_SetBits      stm32f4xx_gpio.o
    0x080010a8   0x080010a8   0x00000100   Code   RO         5597    i.Get_Velocity_Form_Encoder  balance.o
    0x080011a8   0x080011a8   0x0000000e   Code   RO         1600    i.Gray_Init         gray.o
    0x080011b6   0x080011b6   0x00000002   Code   RO          272    i.HardFault_Handler  stm32f4xx_it.o
    0x080011b8   0x080011b8   0x00000048   Code   RO         1810    i.IIC_Ack           myiic.o
    0x08001200   0x08001200   0x00000070   Code   RO         1811    i.IIC_Init          myiic.o
    0x08001270   0x08001270   0x00000048   Code   RO         1812    i.IIC_NAck          myiic.o
    0x080012b8   0x080012b8   0x00000070   Code   RO         1813    i.IIC_Read_Byte     myiic.o
    0x08001328   0x08001328   0x00000068   Code   RO         1814    i.IIC_Send_Byte     myiic.o
    0x08001390   0x08001390   0x0000004c   Code   RO         1815    i.IIC_Start         myiic.o
    0x080013dc   0x080013dc   0x0000004c   Code   RO         1816    i.IIC_Stop          myiic.o
    0x08001428   0x08001428   0x0000005c   Code   RO         1817    i.IIC_Wait_Ack      myiic.o
    0x08001484   0x08001484   0x0000007c   Code   RO         5598    i.Incremental_PI_A  balance.o
    0x08001500   0x08001500   0x0000007c   Code   RO         5599    i.Incremental_PI_B  balance.o
    0x0800157c   0x0800157c   0x0000007c   Code   RO         5600    i.Incremental_PI_C  balance.o
    0x080015f8   0x080015f8   0x0000007c   Code   RO         5601    i.Incremental_PI_D  balance.o
    0x08001674   0x08001674   0x000000b4   Code   RO         1881    i.Initial_action    action.o
    0x08001728   0x08001728   0x0000003c   Code   RO          645    i.LED_Init          led.o
    0x08001764   0x08001764   0x00000090   Code   RO         5603    i.Limit_Pwm         balance.o
    0x080017f4   0x080017f4   0x0000003c   Code   RO          689    i.MOTOR_CONFIG      motor.o
    0x08001830   0x08001830   0x00000012   Code   RO         5872    i.MPU6050_task      mpu6050.o
    0x08001842   0x08001842   0x00000002   Code   RO          273    i.MemManage_Handler  stm32f4xx_it.o
    0x08001844   0x08001844   0x000000e4   Code   RO          690    i.Motor_Dir         motor.o
    0x08001928   0x08001928   0x00000002   Code   RO          274    i.NMI_Handler       stm32f4xx_it.o
    0x0800192a   0x0800192a   0x00000002   PAD
    0x0800192c   0x0800192c   0x00000064   Code   RO         2422    i.NVIC_Init         misc.o
    0x08001990   0x08001990   0x00000014   Code   RO         2423    i.NVIC_PriorityGroupConfig  misc.o
    0x080019a4   0x080019a4   0x00000080   Code   RO         1604    i.OneGray_init      gray.o
    0x08001a24   0x08001a24   0x0000003a   Code   RO         2204    i.PCA9685_read      pca9685.o
    0x08001a5e   0x08001a5e   0x00000030   Code   RO         2205    i.PCA9685_write     pca9685.o
    0x08001a8e   0x08001a8e   0x00000002   PAD
    0x08001a90   0x08001a90   0x00000018   Code   RO         2564    i.RCC_AHB1PeriphClockCmd  stm32f4xx_rcc.o
    0x08001aa8   0x08001aa8   0x00000018   Code   RO         2573    i.RCC_APB1PeriphClockCmd  stm32f4xx_rcc.o
    0x08001ac0   0x08001ac0   0x00000018   Code   RO         2575    i.RCC_APB1PeriphResetCmd  stm32f4xx_rcc.o
    0x08001ad8   0x08001ad8   0x00000018   Code   RO         2576    i.RCC_APB2PeriphClockCmd  stm32f4xx_rcc.o
    0x08001af0   0x08001af0   0x00000018   Code   RO         2578    i.RCC_APB2PeriphResetCmd  stm32f4xx_rcc.o
    0x08001b08   0x08001b08   0x00000090   Code   RO         2585    i.RCC_GetClocksFreq  stm32f4xx_rcc.o
    0x08001b98   0x08001b98   0x00000044   Code   RO          523    i.Read_Encoder      encoder.o
    0x08001bdc   0x08001bdc   0x00000098   Code   RO         5794    i.Robot_Init        robot_select_init.o
    0x08001c74   0x08001c74   0x00000078   Code   RO         5795    i.Robot_Select      robot_select_init.o
    0x08001cec   0x08001cec   0x000000b4   Code   RO          349    i.SetSysClock       system_stm32f4xx.o
    0x08001da0   0x08001da0   0x000000b8   Code   RO         5613    i.Set_Pwm           balance.o
    0x08001e58   0x08001e58   0x00000018   Code   RO         2426    i.SysTick_CLKSourceConfig  misc.o
    0x08001e70   0x08001e70   0x00000014   Code   RO         2286    i.SysTick_Handler   delay.o
    0x08001e84   0x08001e84   0x0000005c   Code   RO          351    i.SystemInit        system_stm32f4xx.o
    0x08001ee0   0x08001ee0   0x0000002e   Code   RO         3547    i.TI1_Config        stm32f4xx_tim.o
    0x08001f0e   0x08001f0e   0x00000036   Code   RO         3548    i.TI2_Config        stm32f4xx_tim.o
    0x08001f44   0x08001f44   0x00000014   Code   RO          525    i.TIM3_IRQHandler   encoder.o
    0x08001f58   0x08001f58   0x00000014   Code   RO          526    i.TIM4_IRQHandler   encoder.o
    0x08001f6c   0x08001f6c   0x000000f0   Code   RO          694    i.TIM5_PWM_Init     motor.o
    0x0800205c   0x0800205c   0x00000030   Code   RO         1052    i.TIM7_IRQHandler   usartx.o
    0x0800208c   0x0800208c   0x00000014   Code   RO          527    i.TIM8_BRK_TIM12_IRQHandler  encoder.o
    0x080020a0   0x080020a0   0x00000264   Code   RO          982    i.TIM8_CC_IRQHandler  timer.o
    0x08002304   0x08002304   0x00000010   Code   RO          985    i.TIM8_UP_TIM13_IRQHandler  timer.o
    0x08002314   0x08002314   0x00000014   Code   RO         3549    i.TIM_ARRPreloadConfig  stm32f4xx_tim.o
    0x08002328   0x08002328   0x00000006   Code   RO         3555    i.TIM_ClearFlag     stm32f4xx_tim.o
    0x0800232e   0x0800232e   0x00000006   Code   RO         3556    i.TIM_ClearITPendingBit  stm32f4xx_tim.o
    0x08002334   0x08002334   0x00000014   Code   RO         3561    i.TIM_Cmd           stm32f4xx_tim.o
    0x08002348   0x08002348   0x00000150   Code   RO         3566    i.TIM_DeInit        stm32f4xx_tim.o
    0x08002498   0x08002498   0x00000032   Code   RO         3570    i.TIM_EncoderInterfaceConfig  stm32f4xx_tim.o
    0x080024ca   0x080024ca   0x00000004   Code   RO         3576    i.TIM_GetCapture1   stm32f4xx_tim.o
    0x080024ce   0x080024ce   0x00000004   Code   RO         3577    i.TIM_GetCapture2   stm32f4xx_tim.o
    0x080024d2   0x080024d2   0x00000004   Code   RO         3578    i.TIM_GetCapture3   stm32f4xx_tim.o
    0x080024d6   0x080024d6   0x00000004   Code   RO         3579    i.TIM_GetCapture4   stm32f4xx_tim.o
    0x080024da   0x080024da   0x00000018   Code   RO         3582    i.TIM_GetITStatus   stm32f4xx_tim.o
    0x080024f2   0x080024f2   0x000000ac   Code   RO         3584    i.TIM_ICInit        stm32f4xx_tim.o
    0x0800259e   0x0800259e   0x00000010   Code   RO         3585    i.TIM_ICStructInit  stm32f4xx_tim.o
    0x080025ae   0x080025ae   0x00000010   Code   RO         3586    i.TIM_ITConfig      stm32f4xx_tim.o
    0x080025be   0x080025be   0x00000002   PAD
    0x080025c0   0x080025c0   0x00000060   Code   RO         3590    i.TIM_OC1Init       stm32f4xx_tim.o
    0x08002620   0x08002620   0x0000000c   Code   RO         3592    i.TIM_OC1PolarityConfig  stm32f4xx_tim.o
    0x0800262c   0x0800262c   0x0000000c   Code   RO         3593    i.TIM_OC1PreloadConfig  stm32f4xx_tim.o
    0x08002638   0x08002638   0x00000080   Code   RO         3595    i.TIM_OC2Init       stm32f4xx_tim.o
    0x080026b8   0x080026b8   0x00000014   Code   RO         3597    i.TIM_OC2PolarityConfig  stm32f4xx_tim.o
    0x080026cc   0x080026cc   0x00000014   Code   RO         3598    i.TIM_OC2PreloadConfig  stm32f4xx_tim.o
    0x080026e0   0x080026e0   0x0000007c   Code   RO         3600    i.TIM_OC3Init       stm32f4xx_tim.o
    0x0800275c   0x0800275c   0x00000014   Code   RO         3602    i.TIM_OC3PolarityConfig  stm32f4xx_tim.o
    0x08002770   0x08002770   0x0000000c   Code   RO         3603    i.TIM_OC3PreloadConfig  stm32f4xx_tim.o
    0x0800277c   0x0800277c   0x00000060   Code   RO         3605    i.TIM_OC4Init       stm32f4xx_tim.o
    0x080027dc   0x080027dc   0x00000014   Code   RO         3606    i.TIM_OC4PolarityConfig  stm32f4xx_tim.o
    0x080027f0   0x080027f0   0x00000014   Code   RO         3607    i.TIM_OC4PreloadConfig  stm32f4xx_tim.o
    0x08002804   0x08002804   0x00000004   Code   RO         3623    i.TIM_SetCompare1   stm32f4xx_tim.o
    0x08002808   0x08002808   0x00000004   Code   RO         3624    i.TIM_SetCompare2   stm32f4xx_tim.o
    0x0800280c   0x0800280c   0x00000004   Code   RO         3625    i.TIM_SetCompare3   stm32f4xx_tim.o
    0x08002810   0x08002810   0x00000004   Code   RO         3626    i.TIM_SetCompare4   stm32f4xx_tim.o
    0x08002814   0x08002814   0x00000004   Code   RO         3627    i.TIM_SetCounter    stm32f4xx_tim.o
    0x08002818   0x08002818   0x00000010   Code   RO         3628    i.TIM_SetIC1Prescaler  stm32f4xx_tim.o
    0x08002828   0x08002828   0x00000018   Code   RO         3629    i.TIM_SetIC2Prescaler  stm32f4xx_tim.o
    0x08002840   0x08002840   0x00000010   Code   RO         3630    i.TIM_SetIC3Prescaler  stm32f4xx_tim.o
    0x08002850   0x08002850   0x00000018   Code   RO         3631    i.TIM_SetIC4Prescaler  stm32f4xx_tim.o
    0x08002868   0x08002868   0x0000007c   Code   RO         3633    i.TIM_TimeBaseInit  stm32f4xx_tim.o
    0x080028e4   0x080028e4   0x00000012   Code   RO         3634    i.TIM_TimeBaseStructInit  stm32f4xx_tim.o
    0x080028f6   0x080028f6   0x00000002   PAD
    0x080028f8   0x080028f8   0x0000005c   Code   RO         1054    i.UART5_IRQHandler  usartx.o
    0x08002954   0x08002954   0x0000003c   Code   RO         1055    i.USART1_IRQHandler  usartx.o
    0x08002990   0x08002990   0x00000034   Code   RO         1057    i.USART2_IRQHandler  usartx.o
    0x080029c4   0x080029c4   0x00000038   Code   RO         1058    i.USART3_IRQHandler  usartx.o
    0x080029fc   0x080029fc   0x00000006   Code   RO         2954    i.USART_ClearFlag   stm32f4xx_usart.o
    0x08002a02   0x08002a02   0x0000000c   Code   RO         2955    i.USART_ClearITPendingBit  stm32f4xx_usart.o
    0x08002a0e   0x08002a0e   0x00000014   Code   RO         2958    i.USART_Cmd         stm32f4xx_usart.o
    0x08002a22   0x08002a22   0x00000010   Code   RO         2959    i.USART_DMACmd      stm32f4xx_usart.o
    0x08002a32   0x08002a32   0x0000003e   Code   RO         2962    i.USART_GetITStatus  stm32f4xx_usart.o
    0x08002a70   0x08002a70   0x00000030   Code   RO         2964    i.USART_ITConfig    stm32f4xx_usart.o
    0x08002aa0   0x08002aa0   0x000000ac   Code   RO         2965    i.USART_Init        stm32f4xx_usart.o
    0x08002b4c   0x08002b4c   0x00000008   Code   RO         2972    i.USART_ReceiveData  stm32f4xx_usart.o
    0x08002b54   0x08002b54   0x00000008   Code   RO         2975    i.USART_SendData    stm32f4xx_usart.o
    0x08002b5c   0x08002b5c   0x00000002   Code   RO          275    i.UsageFault_Handler  stm32f4xx_it.o
    0x08002b5e   0x08002b5e   0x00000002   PAD
    0x08002b60   0x08002b60   0x00000118   Code   RO         6211    i.__hardfp_floor    m_wm.l(floor.o)
    0x08002c78   0x08002c78   0x00000002   Code   RO         2368    i._sys_exit         usart.o
    0x08002c7a   0x08002c7a   0x00000002   PAD
    0x08002c7c   0x08002c7c   0x0000004c   Code   RO         2207    i.calculate_PWM     pca9685.o
    0x08002cc8   0x08002cc8   0x00000044   Code   RO         1065    i.circle_data_deal  usartx.o
    0x08002d0c   0x08002d0c   0x00000060   Code   RO         1066    i.code_data_deal    usartx.o
    0x08002d6c   0x08002d6c   0x00000060   Code   RO         1067    i.colour_data_deal  usartx.o
    0x08002dcc   0x08002dcc   0x00000044   Code   RO         1068    i.data_task         usartx.o
    0x08002e10   0x08002e10   0x00000038   Code   RO         2287    i.delay_init        delay.o
    0x08002e48   0x08002e48   0x00000038   Code   RO         2288    i.delay_ms          delay.o
    0x08002e80   0x08002e80   0x00000034   Code   RO         2289    i.delay_us          delay.o
    0x08002eb4   0x08002eb4   0x00000014   Code   RO         2369    i.fputc             usart.o
    0x08002ec8   0x08002ec8   0x000004d8   Code   RO         1468    i.g_run28           gray_go.o
    0x080033a0   0x080033a0   0x0000001c   Code   RO         2291    i.getSysTickCnt     delay.o
    0x080033bc   0x080033bc   0x00000038   Code   RO            3    i.main              main.o
    0x080033f4   0x080033f4   0x00000070   Code   RO         4890    i.prvAddCurrentTaskToDelayedList  tasks.o
    0x08003464   0x08003464   0x000000d0   Code   RO         4891    i.prvAddNewTaskToReadyList  tasks.o
    0x08003534   0x08003534   0x00000050   Code   RO         5243    i.prvCheckForValidListAndQueue  timers.o
    0x08003584   0x08003584   0x00000054   Code   RO         4892    i.prvCheckTasksWaitingTermination  tasks.o
    0x080035d8   0x080035d8   0x00000026   Code   RO         4667    i.prvCopyDataFromQueue  queue.o
    0x080035fe   0x080035fe   0x0000006c   Code   RO         4668    i.prvCopyDataToQueue  queue.o
    0x0800366a   0x0800366a   0x00000014   Code   RO         4893    i.prvDeleteTCB      tasks.o
    0x0800367e   0x0800367e   0x00000002   PAD
    0x08003680   0x08003680   0x0000004c   Code   RO         5456    i.prvHeapInit       heap_4.o
    0x080036cc   0x080036cc   0x00000028   Code   RO         4894    i.prvIdleTask       tasks.o
    0x080036f4   0x080036f4   0x000000c0   Code   RO         4895    i.prvInitialiseNewTask  tasks.o
    0x080037b4   0x080037b4   0x0000004c   Code   RO         5457    i.prvInsertBlockIntoFreeList  heap_4.o
    0x08003800   0x08003800   0x00000038   Code   RO         5244    i.prvInsertTimerInActiveList  timers.o
    0x08003838   0x08003838   0x0000001a   Code   RO         4669    i.prvIsQueueEmpty   queue.o
    0x08003852   0x08003852   0x00000002   PAD
    0x08003854   0x08003854   0x00000090   Code   RO         4670    i.prvNotifyQueueSetContainer  queue.o
    0x080038e4   0x080038e4   0x00000060   Code   RO         5245    i.prvProcessExpiredTimer  timers.o
    0x08003944   0x08003944   0x000000f0   Code   RO         5246    i.prvProcessReceivedCommands  timers.o
    0x08003a34   0x08003a34   0x0000006c   Code   RO         5247    i.prvProcessTimerOrBlockTask  timers.o
    0x08003aa0   0x08003aa0   0x00000020   Code   RO         4897    i.prvResetNextTaskUnblockTime  tasks.o
    0x08003ac0   0x08003ac0   0x00000028   Code   RO         5248    i.prvSampleTimeNow  timers.o
    0x08003ae8   0x08003ae8   0x0000006c   Code   RO         5249    i.prvSwitchTimerLists  timers.o
    0x08003b54   0x08003b54   0x00000064   Code   RO         5372    i.prvTaskExitError  port.o
    0x08003bb8   0x08003bb8   0x00000028   Code   RO         5250    i.prvTimerTask      timers.o
    0x08003be0   0x08003be0   0x00000078   Code   RO         4671    i.prvUnlockQueue    queue.o
    0x08003c58   0x08003c58   0x00000114   Code   RO         5458    i.pvPortMalloc      heap_4.o
    0x08003d6c   0x08003d6c   0x00000018   Code   RO         4899    i.pvTaskIncrementMutexHeldCount  tasks.o
    0x08003d84   0x08003d84   0x0000002c   Code   RO         5373    i.pxPortInitialiseStack  port.o
    0x08003db0   0x08003db0   0x00000044   Code   RO         2210    i.setPWM            pca9685.o
    0x08003df4   0x08003df4   0x0000009c   Code   RO         2211    i.setPWMFreq        pca9685.o
    0x08003e90   0x08003e90   0x0000008c   Code   RO            4    i.start_task        main.o
    0x08003f1c   0x08003f1c   0x00000064   Code   RO         5513    i.systemInit        system.o
    0x08003f80   0x08003f80   0x00000020   Code   RO         5621    i.target_limit_float  balance.o
    0x08003fa0   0x08003fa0   0x000000ac   Code   RO         1077    i.uart1_init        usartx.o
    0x0800404c   0x0800404c   0x000000bc   Code   RO         1078    i.uart2_init        usartx.o
    0x08004108   0x08004108   0x000000bc   Code   RO         1079    i.uart3_init        usartx.o
    0x080041c4   0x080041c4   0x00000024   Code   RO         4622    i.uxListRemove      list.o
    0x080041e8   0x080041e8   0x00000016   Code   RO         4623    i.vListInitialise   list.o
    0x080041fe   0x080041fe   0x00000006   Code   RO         4624    i.vListInitialiseItem  list.o
    0x08004204   0x08004204   0x00000030   Code   RO         4625    i.vListInsert       list.o
    0x08004234   0x08004234   0x00000018   Code   RO         4626    i.vListInsertEnd    list.o
    0x0800424c   0x0800424c   0x00000078   Code   RO         5375    i.vPortEnterCritical  port.o
    0x080042c4   0x080042c4   0x00000064   Code   RO         5376    i.vPortExitCritical  port.o
    0x08004328   0x08004328   0x0000009c   Code   RO         5459    i.vPortFree         heap_4.o
    0x080043c4   0x080043c4   0x00000020   Code   RO         5377    i.vPortSetupTimerInterrupt  port.o
    0x080043e4   0x080043e4   0x0000008c   Code   RO         5378    i.vPortValidateInterruptPriority  port.o
    0x08004470   0x08004470   0x00000024   Code   RO         4677    i.vQueueAddToRegistry  queue.o
    0x08004494   0x08004494   0x00000044   Code   RO         4681    i.vQueueWaitForMessageRestricted  queue.o
    0x080044d8   0x080044d8   0x0000006c   Code   RO         4907    i.vTaskDelay        tasks.o
    0x08004544   0x08004544   0x000000ac   Code   RO         4908    i.vTaskDelayUntil   tasks.o
    0x080045f0   0x080045f0   0x000000cc   Code   RO         4909    i.vTaskDelete       tasks.o
    0x080046bc   0x080046bc   0x0000000c   Code   RO         4913    i.vTaskMissedYield  tasks.o
    0x080046c8   0x080046c8   0x00000054   Code   RO         4915    i.vTaskPlaceOnEventList  tasks.o
    0x0800471c   0x0800471c   0x0000005c   Code   RO         4916    i.vTaskPlaceOnEventListRestricted  tasks.o
    0x08004778   0x08004778   0x00000084   Code   RO         4918    i.vTaskPriorityInherit  tasks.o
    0x080047fc   0x080047fc   0x00000048   Code   RO         4922    i.vTaskSetTimeOutState  tasks.o
    0x08004844   0x08004844   0x00000094   Code   RO         4923    i.vTaskStartScheduler  tasks.o
    0x080048d8   0x080048d8   0x00000010   Code   RO         4925    i.vTaskSuspendAll   tasks.o
    0x080048e8   0x080048e8   0x0000007c   Code   RO         4926    i.vTaskSwitchContext  tasks.o
    0x08004964   0x08004964   0x00000114   Code   RO         5379    i.xPortStartScheduler  port.o
    0x08004a78   0x08004a78   0x0000002c   Code   RO         5380    i.xPortSysTickHandler  port.o
    0x08004aa4   0x08004aa4   0x00000078   Code   RO         4686    i.xQueueGenericCreate  queue.o
    0x08004b1c   0x08004b1c   0x00000184   Code   RO         4687    i.xQueueGenericReceive  queue.o
    0x08004ca0   0x08004ca0   0x000000a8   Code   RO         4688    i.xQueueGenericReset  queue.o
    0x08004d48   0x08004d48   0x00000188   Code   RO         4689    i.xQueueGenericSend  queue.o
    0x08004ed0   0x08004ed0   0x000000e0   Code   RO         4690    i.xQueueGenericSendFromISR  queue.o
    0x08004fb0   0x08004fb0   0x00000088   Code   RO         4927    i.xTaskCheckForTimeOut  tasks.o
    0x08005038   0x08005038   0x00000056   Code   RO         4928    i.xTaskCreate       tasks.o
    0x0800508e   0x0800508e   0x00000002   PAD
    0x08005090   0x08005090   0x0000001c   Code   RO         4932    i.xTaskGetSchedulerState  tasks.o
    0x080050ac   0x080050ac   0x0000000c   Code   RO         4933    i.xTaskGetTickCount  tasks.o
    0x080050b8   0x080050b8   0x000000e8   Code   RO         4935    i.xTaskIncrementTick  tasks.o
    0x080051a0   0x080051a0   0x000000b4   Code   RO         4938    i.xTaskPriorityDisinherit  tasks.o
    0x08005254   0x08005254   0x00000098   Code   RO         4939    i.xTaskRemoveFromEventList  tasks.o
    0x080052ec   0x080052ec   0x000000e4   Code   RO         4941    i.xTaskResumeAll    tasks.o
    0x080053d0   0x080053d0   0x00000074   Code   RO         5253    i.xTimerCreate      timers.o
    0x08005444   0x08005444   0x00000074   Code   RO         5254    i.xTimerCreateTimerTask  timers.o
    0x080054b8   0x080054b8   0x00000090   Code   RO         5255    i.xTimerGenericCommand  timers.o
    0x08005548   0x08005548   0x00000062   Code   RO         6151    x$fpl$d2f           fz_wm.l(d2f.o)
    0x080055aa   0x080055aa   0x00000002   PAD
    0x080055ac   0x080055ac   0x00000150   Code   RO         6153    x$fpl$dadd          fz_wm.l(daddsub_clz.o)
    0x080056fc   0x080056fc   0x00000018   Code   RO         6249    x$fpl$dcmpinf       fz_wm.l(dcmpi.o)
    0x08005714   0x08005714   0x000002b0   Code   RO         6160    x$fpl$ddiv          fz_wm.l(ddiv.o)
    0x080059c4   0x080059c4   0x0000005e   Code   RO         6163    x$fpl$dfix          fz_wm.l(dfix.o)
    0x08005a22   0x08005a22   0x00000002   PAD
    0x08005a24   0x08005a24   0x0000005a   Code   RO         6167    x$fpl$dfixu         fz_wm.l(dfixu.o)
    0x08005a7e   0x08005a7e   0x00000026   Code   RO         6171    x$fpl$dfltu         fz_wm.l(dflt_clz.o)
    0x08005aa4   0x08005aa4   0x00000078   Code   RO         6177    x$fpl$dleqf         fz_wm.l(dleqf.o)
    0x08005b1c   0x08005b1c   0x00000154   Code   RO         6179    x$fpl$dmul          fz_wm.l(dmul.o)
    0x08005c70   0x08005c70   0x0000009c   Code   RO         6251    x$fpl$dnaninf       fz_wm.l(dnaninf.o)
    0x08005d0c   0x08005d0c   0x0000000c   Code   RO         6253    x$fpl$dretinf       fz_wm.l(dretinf.o)
    0x08005d18   0x08005d18   0x0000006c   Code   RO         6181    x$fpl$drleqf        fz_wm.l(drleqf.o)
    0x08005d84   0x08005d84   0x00000016   Code   RO         6154    x$fpl$drsb          fz_wm.l(daddsub_clz.o)
    0x08005d9a   0x08005d9a   0x00000002   PAD
    0x08005d9c   0x08005d9c   0x000001d4   Code   RO         6155    x$fpl$dsub          fz_wm.l(daddsub_clz.o)
    0x08005f70   0x08005f70   0x0000000a   Code   RO         6393    x$fpl$fpinit        fz_wm.l(fpinit.o)
    0x08005f7a   0x08005f7a   0x0000000a   Code   RO         6257    x$fpl$fretinf       fz_wm.l(fretinf.o)
    0x08005f84   0x08005f84   0x00000000   Code   RO         6259    x$fpl$usenofp       fz_wm.l(usenofp.o)
    0x08005f84   0x08005f84   0x00000020   Data   RO         6459    Region$$Table       anon$$obj.o


    Execution Region RW_IRAM1 (Exec base: 0x20000000, Load base: 0x08005fa4, Size: 0x00005e80, Max: 0x00020000, ABSOLUTE, COMPRESSED[0x00000040])

    Exec Addr    Load Addr    Size         Type   Attr      Idx    E Section Name        Object

    0x20000000   COMPRESSED   0x00000004   Data   RW            5    .data               main.o
    0x20000004   COMPRESSED   0x00000014   Data   RW          352    .data               system_stm32f4xx.o
    0x20000018   COMPRESSED   0x00000044   Data   RW          986    .data               timer.o
    0x2000005c   COMPRESSED   0x00000064   Data   RW         1088    .data               usartx.o
    0x200000c0   COMPRESSED   0x0000004f   Data   RW         1552    .data               ano.o
    0x2000010f   COMPRESSED   0x00000001   PAD
    0x20000110   COMPRESSED   0x00000008   Data   RW         2293    .data               delay.o
    0x20000118   COMPRESSED   0x00000004   Data   RW         2373    .data               usart.o
    0x2000011c   COMPRESSED   0x00000010   Data   RW         2617    .data               stm32f4xx_rcc.o
    0x2000012c   COMPRESSED   0x0000003c   Data   RW         4944    .data               tasks.o
    0x20000168   COMPRESSED   0x00000014   Data   RW         5263    .data               timers.o
    0x2000017c   COMPRESSED   0x0000000c   Data   RW         5381    .data               port.o
    0x20000188   COMPRESSED   0x00000018   Data   RW         5464    .data               heap_4.o
    0x200001a0   COMPRESSED   0x00000001   Data   RW         5520    .data               system.o
    0x200001a1   COMPRESSED   0x00000003   PAD
    0x200001a4   COMPRESSED   0x00000004   Data   RW         5522    .data               system.o
    0x200001a8   COMPRESSED   0x00000004   Data   RW         5523    .data               system.o
    0x200001ac   COMPRESSED   0x00000001   Data   RW         5524    .data               system.o
    0x200001ad   COMPRESSED   0x00000001   Data   RW         5525    .data               system.o
    0x200001ae   COMPRESSED   0x00000001   Data   RW         5526    .data               system.o
    0x200001af   COMPRESSED   0x00000001   Data   RW         5527    .data               system.o
    0x200001b0   COMPRESSED   0x00000004   Data   RW         5539    .data               system.o
    0x200001b4   COMPRESSED   0x00000004   Data   RW         5540    .data               system.o
    0x200001b8   COMPRESSED   0x00000004   Data   RW         5542    .data               system.o
    0x200001bc   COMPRESSED   0x00000004   Data   RW         5544    .data               system.o
    0x200001c0   COMPRESSED   0x00000004   Data   RW         5545    .data               system.o
    0x200001c4   COMPRESSED   0x00000004   Data   RW         5546    .data               system.o
    0x200001c8   COMPRESSED   0x00000004   Data   RW         5547    .data               system.o
    0x200001cc   COMPRESSED   0x00000004   Data   RW         5548    .data               system.o
    0x200001d0   COMPRESSED   0x00000004   Data   RW         5549    .data               system.o
    0x200001d4   COMPRESSED   0x00000004   Data   RW         5550    .data               system.o
    0x200001d8   COMPRESSED   0x00000004   Data   RW         5551    .data               system.o
    0x200001dc   COMPRESSED   0x00000001   Data   RW         5552    .data               system.o
    0x200001dd   COMPRESSED   0x00000001   Data   RW         5553    .data               system.o
    0x200001de   COMPRESSED   0x00000002   PAD
    0x200001e0   COMPRESSED   0x00000098   Data   RW         5625    .data               balance.o
    0x20000278   COMPRESSED   0x00000001   Data   RW         5626    .data               balance.o
    0x20000279   COMPRESSED   0x00000003   PAD
    0x2000027c   COMPRESSED   0x00000028   Data   RW         5887    .data               mpu6050.o
    0x200002a4        -       0x000001b5   Zero   RW         1086    .bss                usartx.o
    0x20000459   COMPRESSED   0x00000003   PAD
    0x2000045c        -       0x00000040   Zero   RW         4701    .bss                queue.o
    0x2000049c        -       0x000002e4   Zero   RW         4943    .bss                tasks.o
    0x20000780        -       0x00000028   Zero   RW         5262    .bss                timers.o
    0x200007a8        -       0x00005000   Zero   RW         5463    .bss                heap_4.o
    0x200057a8        -       0x00000014   Zero   RW         5515    .bss                system.o
    0x200057bc        -       0x00000014   Zero   RW         5516    .bss                system.o
    0x200057d0        -       0x00000014   Zero   RW         5517    .bss                system.o
    0x200057e4        -       0x00000014   Zero   RW         5518    .bss                system.o
    0x200057f8        -       0x00000010   Zero   RW         5623    .bss                balance.o
    0x20005808        -       0x00000018   Zero   RW         5796    .bss                robot_select_init.o
    0x20005820        -       0x00000060   Zero   RW         6325    .bss                c_w.l(libspace.o)
    0x20005880        -       0x00000200   Zero   RW         2414    HEAP                startup_stm32f40_41xxx.o
    0x20005a80        -       0x00000400   Zero   RW         2413    STACK               startup_stm32f40_41xxx.o


==============================================================================

Image component sizes


      Code (inc. data)   RO Data    RW Data    ZI Data      Debug   Object Name

       180          0          0          0          0        561   action.o
       132          8          0         79          0       2132   ano.o
      1524        226          0        153         16      11333   balance.o
       364         54          0          0          0       1844   can.o
       212         18          0          8          0       3021   delay.o
       792         72          0          0          0       4703   encoder.o
         0          0          0          0          0       9288   event_groups.o
       274         24          0          0          0       1645   gray.o
      1240         40          0          0          0       1502   gray_go.o
       584        138          0         24      20480       3971   heap_4.o
        60          4          0          0          0        511   led.o
       136          0          0          0          0       3050   list.o
       196         84          0          4          0     313040   main.o
       144         14          0          0          0       2009   misc.o
       528         50          0          0          0       1951   motor.o
        18          0          0         40          0       2742   mpu6050.o
       716        108          0          0          0       4414   myiic.o
       406         52          0          0          0       3021   pca9685.o
      1038        382          0         12          0      10545   port.o
      1832        236          0          0         64      13069   queue.o
       272         64          0          0         24       1717   robot_select_init.o
        64         26        392          0       1536        816   startup_stm32f40_41xxx.o
       160          0          0          0          0       2755   stm32f4xx_gpio.o
        12          0          0          0          0       2557   stm32f4xx_it.o
       264         42          0         16          0       5733   stm32f4xx_rcc.o
      1604        112          0          0          0      25660   stm32f4xx_tim.o
       352          8          0          0          0       6562   stm32f4xx_usart.o
       100          0          0         59         80       4182   system.o
       272         36          0         20          0       1669   system_stm32f4xx.o
      2930        714          0         60        740      29941   tasks.o
       628         40          0         68          0       2802   timer.o
      1144        260          0         20         40       9674   timers.o
        22          6          0          4          0       2747   usart.o
      1534        138          0        100        437      13433   usartx.o

    ----------------------------------------------------------------------
     19760       2956        424        676      23420     504600   Object Totals
         0          0         32          0          0          0   (incl. Generated)
        26          0          0          9          3          0   (incl. Padding)

    ----------------------------------------------------------------------

      Code (inc. data)   RO Data    RW Data    ZI Data      Debug   Library Member Name

        90          0          0          0          0          0   __dczerorl2.o
         8          0          0          0          0         68   __main.o
       104          0          0          0          0         84   __printf.o
         0          0          0          0          0          0   __rtentry.o
        12          0          0          0          0          0   __rtentry2.o
         6          0          0          0          0          0   __rtentry4.o
        52          8          0          0          0          0   __scatter.o
        28          0          0          0          0          0   __scatter_zi.o
        44          0          0          0          0        108   _printf_char.o
        48          6          0          0          0         96   _printf_char_common.o
        36          4          0          0          0         80   _printf_char_file.o
         6          0          0          0          0          0   _printf_d.o
       120         16          0          0          0         92   _printf_dec.o
       178          0          0          0          0         88   _printf_intcommon.o
         0          0          0          0          0          0   _printf_percent.o
         4          0          0          0          0          0   _printf_percent_end.o
         6          0          0          0          0          0   _printf_s.o
        82          0          0          0          0         80   _printf_str.o
        16          0          0          0          0         68   aeabi_memset.o
        18          0          0          0          0         80   exit.o
         8          0          0          0          0         68   ferror.o
         6          0          0          0          0        152   heapauxi.o
         2          0          0          0          0          0   libinit.o
         6          0          0          0          0          0   libinit2.o
         2          0          0          0          0          0   libshutdown.o
         2          0          0          0          0          0   libshutdown2.o
         8          4          0          0         96         68   libspace.o
        24          4          0          0          0         84   noretval__2printf.o
        68          0          0          0          0         68   rt_memclr.o
        78          0          0          0          0         80   rt_memclr_w.o
       138          0          0          0          0         68   rt_memcpy_v6.o
       100          0          0          0          0         80   rt_memcpy_w.o
         2          0          0          0          0          0   rtexit.o
        10          0          0          0          0          0   rtexit2.o
        74          0          0          0          0         80   sys_stackheap_outer.o
         2          0          0          0          0         68   use_no_semi.o
         2          0          0          0          0         68   use_no_semi_2.o
        98          4          0          0          0        140   d2f.o
       826         16          0          0          0        492   daddsub_clz.o
        24          0          0          0          0        116   dcmpi.o
       688        140          0          0          0        256   ddiv.o
        94          4          0          0          0        140   dfix.o
        90          4          0          0          0        140   dfixu.o
        38          0          0          0          0        116   dflt_clz.o
       120          4          0          0          0        140   dleqf.o
       340         12          0          0          0        152   dmul.o
       156          4          0          0          0        140   dnaninf.o
        12          0          0          0          0        116   dretinf.o
       108          0          0          0          0        128   drleqf.o
        10          0          0          0          0        116   fpinit.o
        10          0          0          0          0        116   fretinf.o
         0          0          0          0          0          0   usenofp.o
       280         28          0          0          0        156   floor.o

    ----------------------------------------------------------------------
      4300        258          0          0         96       4192   Library Totals
        16          0          0          0          0          0   (incl. Padding)

    ----------------------------------------------------------------------

      Code (inc. data)   RO Data    RW Data    ZI Data      Debug   Library Name

      1390         42          0          0         96       1728   c_w.l
      2614        188          0          0          0       2308   fz_wm.l
       280         28          0          0          0        156   m_wm.l

    ----------------------------------------------------------------------
      4300        258          0          0         96       4192   Library Totals

    ----------------------------------------------------------------------

==============================================================================


      Code (inc. data)   RO Data    RW Data    ZI Data      Debug   

     24060       3214        424        676      23516     486208   Grand Totals
     24060       3214        424         64      23516     486208   ELF Image Totals (compressed)
     24060       3214        424         64          0          0   ROM Totals

==============================================================================

    Total RO  Size (Code + RO Data)                24484 (  23.91kB)
    Total RW  Size (RW Data + ZI Data)             24192 (  23.63kB)
    Total ROM Size (Code + RO Data + RW Data)      24548 (  23.97kB)

==============================================================================

