<html>
<body>
<pre>
<h1>礦ision Build Log</h1>
<h2>Tool Versions:</h2>
IDE-Version: μVision V5.36.0.0
Copyright (C) 2021 ARM Ltd and ARM Germany GmbH. All rights reserved.
License Information: xie xiejiadong, xie, LIC=AK1BF-68D36-35XTX-HR5NZ-6LJ2B-JFCER
 
Tool Versions:
Toolchain:       MDK-ARM Professional  Version: 5.36.0.0
Toolchain Path:  D:\Keil\ARM\ARMCC\Bin
C Compiler:      Armcc.exe V5.06 update 7 (build 960)
Assembler:       Armasm.exe V5.06 update 7 (build 960)
Linker/Locator:  ArmLink.exe V5.06 update 7 (build 960)
Library Manager: ArmAr.exe V5.06 update 7 (build 960)
Hex Converter:   FromElf.exe V5.06 update 7 (build 960)
CPU DLL:         SARMCM3.DLL V5.36.0.0
Dialog DLL:      DCM.DLL V1.17.3.0
Target DLL:      Segger\JL2CM3.dll V2.99.40.0
Dialog DLL:      TCM.DLL V1.53.0.0
 
<h2>Project:</h2>
D:\桌面\DAIMA\轮趣改\USER\WHEELTEC.uvprojx
Project File Date:  09/21/2023

<h2>Output:</h2>
*** Using Compiler 'V5.06 update 7 (build 960)', folder: 'D:\Keil\ARM\ARMCC\Bin'
Rebuild target 'FreeRTOS'
compiling ano.c...
..\HARDWARE\ano.h(26): warning:  #1-D: last line of file ends without a newline
  #endif
..\HARDWARE\ano.c: 1 warning, 0 errors
compiling system_stm32f4xx.c...
compiling stm32f4xx_it.c...
compiling LED.C...
compiling key.c...
compiling pstwo.c...
compiling F4_flash.c...
compiling can.c...
compiling encoder.c...
compiling oled.c...
compiling adc.c...
compiling timer.c...
compiling motor.c...
compiling main.c...
compiling gray_go.c...
compiling usartx.c...
assembling startup_stm32f40_41xxx.s...
compiling gray.c...
compiling myiic.c...
compiling drive_motor.c...
compiling PCA9685.c...
compiling sys.c...
compiling time_go.c...
compiling delay.c...
compiling usart.c...
compiling misc.c...
compiling action.c...
..\HARDWARE\action.h(35): warning:  #1295-D: Deprecated declaration Take_Block5 - give arg types
  void Take_Block5();
..\HARDWARE\MPU6050\I2C.h(11): warning:  #47-D: incompatible redefinition of macro "SDA_IN"  (declared at line 6 of "..\HARDWARE\myiic.h")
  #define SDA_IN()  {GPIOB->MODER&=~(3<<(11*2));GPIOB->MODER|=0<<11*2;}	//PB5输入模式
..\HARDWARE\MPU6050\I2C.h(12): warning:  #47-D: incompatible redefinition of macro "SDA_OUT"  (declared at line 7 of "..\HARDWARE\myiic.h")
  #define SDA_OUT() {GPIOB->MODER&=~(3<<(11*2));GPIOB->MODER|=1<<11*2;} //PB5输出模式
..\HARDWARE\MPU6050\I2C.h(15): warning:  #47-D: incompatible redefinition of macro "IIC_SCL"  (declared at line 9 of "..\HARDWARE\myiic.h")
  #define IIC_SCL    PBout(10) //SCL
..\HARDWARE\MPU6050\I2C.h(16): warning:  #47-D: incompatible redefinition of macro "IIC_SDA"  (declared at line 10 of "..\HARDWARE\myiic.h")
  #define IIC_SDA    PBout(11) //SDA	 
..\HARDWARE\MPU6050\I2C.h(17): warning:  #47-D: incompatible redefinition of macro "READ_SDA"  (declared at line 11 of "..\HARDWARE\myiic.h")
  #define READ_SDA   PBin(11)  //输入SDA 
..\HARDWARE\action.c: 6 warnings, 0 errors
compiling stm32f4xx_gpio.c...
compiling stm32f4xx_syscfg.c...
compiling stm32f4xx_adc.c...
compiling stm32f4xx_rcc.c...
compiling stm32f4xx_usart.c...
compiling stm32f4xx_can.c...
compiling stm32f4xx_pwr.c...
compiling stm32f4xx_flash.c...
compiling croutine.c...
compiling stm32f4xx_tim.c...
compiling event_groups.c...
compiling list.c...
compiling queue.c...
compiling timers.c...
compiling tasks.c...
compiling heap_4.c...
compiling port.c...
compiling robot_select_init.c...
compiling system.c...
..\HARDWARE\myiic.h(6): warning:  #47-D: incompatible redefinition of macro "SDA_IN"  (declared at line 11 of "..\HARDWARE\MPU6050\I2C.h")
  #define SDA_IN()  {GPIOC->MODER&=~(3<<(9*2));GPIOC->MODER|=0<<9*2;}	//PB10输入模式
..\HARDWARE\myiic.h(7): warning:  #47-D: incompatible redefinition of macro "SDA_OUT"  (declared at line 12 of "..\HARDWARE\MPU6050\I2C.h")
  #define SDA_OUT() {GPIOC->MODER&=~(3<<(9*2));GPIOC->MODER|=1<<9*2;} //PB10输出模式
..\HARDWARE\myiic.h(9): warning:  #47-D: incompatible redefinition of macro "IIC_SCL"  (declared at line 15 of "..\HARDWARE\MPU6050\I2C.h")
  #define IIC_SCL    PAout(8) //SCL
..\HARDWARE\myiic.h(10): warning:  #47-D: incompatible redefinition of macro "IIC_SDA"  (declared at line 16 of "..\HARDWARE\MPU6050\I2C.h")
  #define IIC_SDA    PCout(9) //SDA
..\HARDWARE\myiic.h(11): warning:  #47-D: incompatible redefinition of macro "READ_SDA"  (declared at line 17 of "..\HARDWARE\MPU6050\I2C.h")
  #define READ_SDA   PCin(9)  //输入BSDA 
..\HARDWARE\action.h(35): warning:  #1295-D: Deprecated declaration Take_Block5 - give arg types
  void Take_Block5();
..\BALANCE\system.c: 6 warnings, 0 errors
compiling MPU6050.c...
compiling balance.c...
..\HARDWARE\ano.h(26): warning:  #1-D: last line of file ends without a newline
  #endif
..\BALANCE\balance.c: 1 warning, 0 errors
compiling I2C.c...
compiling show.c...
linking...
Program Size: Code=24060 RO-data=424 RW-data=676 ZI-data=23516  
FromELF: creating hex file...
"..\OBJ\WHEELTEC.axf" - 0 Error(s), 14 Warning(s).

<h2>Software Packages used:</h2>

Package Vendor: Keil
                http://www.keil.com/pack/Keil.STM32F4xx_DFP.2.16.0.pack
                Keil.STM32F4xx_DFP.2.16.0
                STMicroelectronics STM32F4 Series Device Support, Drivers and Examples

<h2>Collection of Component include folders:</h2>
  D:\Keil\ARM\PACK\Keil\STM32F4xx_DFP\2.16.0\Drivers\CMSIS\Device\ST\STM32F4xx\Include

<h2>Collection of Component Files used:</h2>
Build Time Elapsed:  00:00:06
</pre>
</body>
</html>
